Archive member included to satisfy reference by file (symbol)

d:/st/stm32cubeide_1.7.0/stm32cubeide/plugins/com.st.stm32cube.ide.mcu.externaltools.gnu-tools-for-stm32.9-2020-q2-update.win32_2.0.0.202105311346/tools/bin/../lib/gcc/arm-none-eabi/9.3.1/../../../../arm-none-eabi/lib/thumb/v7e-m+fp/hard\libc_nano.a(lib_a-errno.o)
                              ./Application/User/syscalls.o (__errno)
d:/st/stm32cubeide_1.7.0/stm32cubeide/plugins/com.st.stm32cube.ide.mcu.externaltools.gnu-tools-for-stm32.9-2020-q2-update.win32_2.0.0.202105311346/tools/bin/../lib/gcc/arm-none-eabi/9.3.1/../../../../arm-none-eabi/lib/thumb/v7e-m+fp/hard\libc_nano.a(lib_a-exit.o)
                              d:/st/stm32cubeide_1.7.0/stm32cubeide/plugins/com.st.stm32cube.ide.mcu.externaltools.gnu-tools-for-stm32.9-2020-q2-update.win32_2.0.0.202105311346/tools/bin/../lib/gcc/arm-none-eabi/9.3.1/../../../../arm-none-eabi/lib/thumb/v7e-m+fp/hard/crt0.o (exit)
d:/st/stm32cubeide_1.7.0/stm32cubeide/plugins/com.st.stm32cube.ide.mcu.externaltools.gnu-tools-for-stm32.9-2020-q2-update.win32_2.0.0.202105311346/tools/bin/../lib/gcc/arm-none-eabi/9.3.1/../../../../arm-none-eabi/lib/thumb/v7e-m+fp/hard\libc_nano.a(lib_a-impure.o)
                              d:/st/stm32cubeide_1.7.0/stm32cubeide/plugins/com.st.stm32cube.ide.mcu.externaltools.gnu-tools-for-stm32.9-2020-q2-update.win32_2.0.0.202105311346/tools/bin/../lib/gcc/arm-none-eabi/9.3.1/../../../../arm-none-eabi/lib/thumb/v7e-m+fp/hard\libc_nano.a(lib_a-exit.o) (_global_impure_ptr)
d:/st/stm32cubeide_1.7.0/stm32cubeide/plugins/com.st.stm32cube.ide.mcu.externaltools.gnu-tools-for-stm32.9-2020-q2-update.win32_2.0.0.202105311346/tools/bin/../lib/gcc/arm-none-eabi/9.3.1/../../../../arm-none-eabi/lib/thumb/v7e-m+fp/hard\libc_nano.a(lib_a-init.o)
                              d:/st/stm32cubeide_1.7.0/stm32cubeide/plugins/com.st.stm32cube.ide.mcu.externaltools.gnu-tools-for-stm32.9-2020-q2-update.win32_2.0.0.202105311346/tools/bin/../lib/gcc/arm-none-eabi/9.3.1/../../../../arm-none-eabi/lib/thumb/v7e-m+fp/hard/crt0.o (__libc_init_array)
d:/st/stm32cubeide_1.7.0/stm32cubeide/plugins/com.st.stm32cube.ide.mcu.externaltools.gnu-tools-for-stm32.9-2020-q2-update.win32_2.0.0.202105311346/tools/bin/../lib/gcc/arm-none-eabi/9.3.1/../../../../arm-none-eabi/lib/thumb/v7e-m+fp/hard\libc_nano.a(lib_a-memcpy-stub.o)
                              ./Middlewares/MotorControl/mcpa.o (memcpy)
d:/st/stm32cubeide_1.7.0/stm32cubeide/plugins/com.st.stm32cube.ide.mcu.externaltools.gnu-tools-for-stm32.9-2020-q2-update.win32_2.0.0.202105311346/tools/bin/../lib/gcc/arm-none-eabi/9.3.1/../../../../arm-none-eabi/lib/thumb/v7e-m+fp/hard\libc_nano.a(lib_a-memset.o)
                              d:/st/stm32cubeide_1.7.0/stm32cubeide/plugins/com.st.stm32cube.ide.mcu.externaltools.gnu-tools-for-stm32.9-2020-q2-update.win32_2.0.0.202105311346/tools/bin/../lib/gcc/arm-none-eabi/9.3.1/../../../../arm-none-eabi/lib/thumb/v7e-m+fp/hard/crt0.o (memset)

Allocating common symbols
Common symbol       size              file

hdma_usart2_rx      0x44              ./Application/User/main.o
pwmcHandle          0x4               ./Application/User/mc_config_common.o
MCP_UserCallBack    0x8               ./Application/User/mcp_config.o
pEAC                0x4               ./Application/User/mc_config_common.o
hadc2               0x50              ./Application/User/main.o
FOCVars             0x22              ./Application/User/mc_config.o
uwTick              0x4               ./Drivers/STM32F3xx_HAL_Driver/stm32f3xx_hal.o
pFlash              0x20              ./Drivers/STM32F3xx_HAL_Driver/stm32f3xx_hal_flash.o
pMCI                0x4               ./Application/User/motorcontrol.o
hadc1               0x50              ./Application/User/main.o
hdma_usart2_tx      0x44              ./Application/User/main.o
pREMNG              0x4               ./Application/User/mc_config.o
htim1               0x4c              ./Application/User/main.o
htim2               0x4c              ./Application/User/main.o
huart2              0x88              ./Application/User/main.o

Discarded input sections

 .text          0x0000000000000000        0x0 d:/st/stm32cubeide_1.7.0/stm32cubeide/plugins/com.st.stm32cube.ide.mcu.externaltools.gnu-tools-for-stm32.9-2020-q2-update.win32_2.0.0.202105311346/tools/bin/../lib/gcc/arm-none-eabi/9.3.1/thumb/v7e-m+fp/hard/crti.o
 .data          0x0000000000000000        0x0 d:/st/stm32cubeide_1.7.0/stm32cubeide/plugins/com.st.stm32cube.ide.mcu.externaltools.gnu-tools-for-stm32.9-2020-q2-update.win32_2.0.0.202105311346/tools/bin/../lib/gcc/arm-none-eabi/9.3.1/thumb/v7e-m+fp/hard/crti.o
 .bss           0x0000000000000000        0x0 d:/st/stm32cubeide_1.7.0/stm32cubeide/plugins/com.st.stm32cube.ide.mcu.externaltools.gnu-tools-for-stm32.9-2020-q2-update.win32_2.0.0.202105311346/tools/bin/../lib/gcc/arm-none-eabi/9.3.1/thumb/v7e-m+fp/hard/crti.o
[...]
Memory Configuration

Name             Origin             Length             Attributes
CCMRAM           0x0000000010000000 0x0000000000004000 xrw
RAM              0x0000000020000000 0x0000000000010000 xrw
FLASH            0x0000000008000000 0x0000000000080000 xr
*default*        0x0000000000000000 0xffffffffffffffff

Linker script and memory map

LOAD d:/st/stm32cubeide_1.7.0/stm32cubeide/plugins/com.st.stm32cube.ide.mcu.externaltools.gnu-tools-for-stm32.9-2020-q2-update.win32_2.0.0.202105311346/tools/bin/../lib/gcc/arm-none-eabi/9.3.1/thumb/v7e-m+fp/hard/crti.o
LOAD d:/st/stm32cubeide_1.7.0/stm32cubeide/plugins/com.st.stm32cube.ide.mcu.externaltools.gnu-tools-for-stm32.9-2020-q2-update.win32_2.0.0.202105311346/tools/bin/../lib/gcc/arm-none-eabi/9.3.1/thumb/v7e-m+fp/hard/crtbegin.o
LOAD d:/st/stm32cubeide_1.7.0/stm32cubeide/plugins/com.st.stm32cube.ide.mcu.externaltools.gnu-tools-for-stm32.9-2020-q2-update.win32_2.0.0.202105311346/tools/bin/../lib/gcc/arm-none-eabi/9.3.1/../../../../arm-none-eabi/lib/thumb/v7e-m+fp/hard/crt0.o
LOAD ./Application/Startup/startup_stm32f303retx.o
LOAD ./Application/User/aspep.o
LOAD ./Application/User/hf_registers.o
LOAD ./Application/User/main.o
LOAD ./Application/User/mc_api.o
LOAD ./Application/User/mc_app_hooks.o
LOAD ./Application/User/mc_config.o
LOAD ./Application/User/mc_config_common.o
LOAD ./Application/User/mc_configuration_registers.o
LOAD ./Application/User/mc_interface.o
LOAD ./Application/User/mc_math.o
LOAD ./Application/User/mc_parameters.o
LOAD ./Application/User/mc_tasks.o
LOAD ./Application/User/mc_tasks_foc.o
LOAD ./Application/User/mcp.o
LOAD ./Application/User/mcp_config.o
LOAD ./Application/User/motorcontrol.o
LOAD ./Application/User/pwm_common.o
LOAD ./Application/User/pwm_curr_fdbk.o
LOAD ./Application/User/regular_conversion_manager.o
LOAD ./Application/User/speed_torq_ctrl.o
LOAD ./Application/User/stm32_mc_common_it.o
LOAD ./Application/User/stm32f30x_mc_it.o
LOAD ./Application/User/stm32f3xx_hal_msp.o
LOAD ./Application/User/stm32f3xx_it.o
LOAD ./Application/User/sync_registers.o
LOAD ./Application/User/syscalls.o
LOAD ./Application/User/sysmem.o
LOAD ./Application/User/usart_aspep_driver.o
LOAD ./Drivers/CMSIS/system_stm32f3xx.o
LOAD ./Drivers/STM32F3xx_HAL_Driver/stm32f3xx_hal.o
LOAD ./Drivers/STM32F3xx_HAL_Driver/stm32f3xx_hal_adc.o
LOAD ./Drivers/STM32F3xx_HAL_Driver/stm32f3xx_hal_adc_ex.o
LOAD ./Drivers/STM32F3xx_HAL_Driver/stm32f3xx_hal_cortex.o
LOAD ./Drivers/STM32F3xx_HAL_Driver/stm32f3xx_hal_dma.o
LOAD ./Drivers/STM32F3xx_HAL_Driver/stm32f3xx_hal_exti.o
LOAD ./Drivers/STM32F3xx_HAL_Driver/stm32f3xx_hal_flash.o
LOAD ./Drivers/STM32F3xx_HAL_Driver/stm32f3xx_hal_flash_ex.o
LOAD ./Drivers/STM32F3xx_HAL_Driver/stm32f3xx_hal_gpio.o
LOAD ./Drivers/STM32F3xx_HAL_Driver/stm32f3xx_hal_i2c.o
LOAD ./Drivers/STM32F3xx_HAL_Driver/stm32f3xx_hal_i2c_ex.o
LOAD ./Drivers/STM32F3xx_HAL_Driver/stm32f3xx_hal_pwr.o
LOAD ./Drivers/STM32F3xx_HAL_Driver/stm32f3xx_hal_pwr_ex.o
LOAD ./Drivers/STM32F3xx_HAL_Driver/stm32f3xx_hal_rcc.o
LOAD ./Drivers/STM32F3xx_HAL_Driver/stm32f3xx_hal_rcc_ex.o
LOAD ./Drivers/STM32F3xx_HAL_Driver/stm32f3xx_hal_tim.o
LOAD ./Drivers/STM32F3xx_HAL_Driver/stm32f3xx_hal_tim_ex.o
LOAD ./Drivers/STM32F3xx_HAL_Driver/stm32f3xx_hal_uart.o
LOAD ./Drivers/STM32F3xx_HAL_Driver/stm32f3xx_hal_uart_ex.o
LOAD ./Middlewares/MotorControl/bus_voltage_sensor.o
LOAD ./Middlewares/MotorControl/circle_limitation.o
LOAD ./Middlewares/MotorControl/digital_output.o
LOAD ./Middlewares/MotorControl/enc_align_ctrl.o
LOAD ./Middlewares/MotorControl/encoder_speed_pos_fdbk.o
LOAD ./Middlewares/MotorControl/mcpa.o
LOAD ./Middlewares/MotorControl/ntc_temperature_sensor.o
LOAD ./Middlewares/MotorControl/open_loop.o
LOAD ./Middlewares/MotorControl/pid_regulator.o
LOAD ./Middlewares/MotorControl/pqd_motor_power_measurement.o
LOAD ./Middlewares/MotorControl/r3_2_f30x_pwm_curr_fdbk.o
LOAD ./Middlewares/MotorControl/r_divider_bus_voltage_sensor.o
LOAD ./Middlewares/MotorControl/ramp_ext_mngr.o
LOAD ./Middlewares/MotorControl/revup_ctrl.o
LOAD ./Middlewares/MotorControl/speed_pos_fdbk.o
LOAD ./Middlewares/MotorControl/trajectory_ctrl.o
LOAD ./Middlewares/MotorControl/virtual_speed_sensor.o
START GROUP
LOAD d:/st/stm32cubeide_1.7.0/stm32cubeide/plugins/com.st.stm32cube.ide.mcu.externaltools.gnu-tools-for-stm32.9-2020-q2-update.win32_2.0.0.202105311346/tools/bin/../lib/gcc/arm-none-eabi/9.3.1/../../../../arm-none-eabi/lib/thumb/v7e-m+fp/hard\libc_nano.a
LOAD d:/st/stm32cubeide_1.7.0/stm32cubeide/plugins/com.st.stm32cube.ide.mcu.externaltools.gnu-tools-for-stm32.9-2020-q2-update.win32_2.0.0.202105311346/tools/bin/../lib/gcc/arm-none-eabi/9.3.1/../../../../arm-none-eabi/lib/thumb/v7e-m+fp/hard\libm.a
END GROUP
START GROUP
LOAD d:/st/stm32cubeide_1.7.0/stm32cubeide/plugins/com.st.stm32cube.ide.mcu.externaltools.gnu-tools-for-stm32.9-2020-q2-update.win32_2.0.0.202105311346/tools/bin/../lib/gcc/arm-none-eabi/9.3.1/thumb/v7e-m+fp/hard\libgcc.a
LOAD d:/st/stm32cubeide_1.7.0/stm32cubeide/plugins/com.st.stm32cube.ide.mcu.externaltools.gnu-tools-for-stm32.9-2020-q2-update.win32_2.0.0.202105311346/tools/bin/../lib/gcc/arm-none-eabi/9.3.1/../../../../arm-none-eabi/lib/thumb/v7e-m+fp/hard\libc_nano.a
END GROUP
START GROUP
LOAD d:/st/stm32cubeide_1.7.0/stm32cubeide/plugins/com.st.stm32cube.ide.mcu.externaltools.gnu-tools-for-stm32.9-2020-q2-update.win32_2.0.0.202105311346/tools/bin/../lib/gcc/arm-none-eabi/9.3.1/thumb/v7e-m+fp/hard\libgcc.a
LOAD d:/st/stm32cubeide_1.7.0/stm32cubeide/plugins/com.st.stm32cube.ide.mcu.externaltools.gnu-tools-for-stm32.9-2020-q2-update.win32_2.0.0.202105311346/tools/bin/../lib/gcc/arm-none-eabi/9.3.1/../../../../arm-none-eabi/lib/thumb/v7e-m+fp/hard\libc_nano.a
LOAD d:/st/stm32cubeide_1.7.0/stm32cubeide/plugins/com.st.stm32cube.ide.mcu.externaltools.gnu-tools-for-stm32.9-2020-q2-update.win32_2.0.0.202105311346/tools/bin/../lib/gcc/arm-none-eabi/9.3.1/../../../../arm-none-eabi/lib/thumb/v7e-m+fp/hard\libnosys.a
END GROUP
START GROUP
LOAD d:/st/stm32cubeide_1.7.0/stm32cubeide/plugins/com.st.stm32cube.ide.mcu.externaltools.gnu-tools-for-stm32.9-2020-q2-update.win32_2.0.0.202105311346/tools/bin/../lib/gcc/arm-none-eabi/9.3.1/thumb/v7e-m+fp/hard\libgcc.a
LOAD d:/st/stm32cubeide_1.7.0/stm32cubeide/plugins/com.st.stm32cube.ide.mcu.externaltools.gnu-tools-for-stm32.9-2020-q2-update.win32_2.0.0.202105311346/tools/bin/../lib/gcc/arm-none-eabi/9.3.1/../../../../arm-none-eabi/lib/thumb/v7e-m+fp/hard\libc_nano.a
LOAD d:/st/stm32cubeide_1.7.0/stm32cubeide/plugins/com.st.stm32cube.ide.mcu.externaltools.gnu-tools-for-stm32.9-2020-q2-update.win32_2.0.0.202105311346/tools/bin/../lib/gcc/arm-none-eabi/9.3.1/../../../../arm-none-eabi/lib/thumb/v7e-m+fp/hard\libnosys.a
END GROUP
LOAD d:/st/stm32cubeide_1.7.0/stm32cubeide/plugins/com.st.stm32cube.ide.mcu.externaltools.gnu-tools-for-stm32.9-2020-q2-update.win32_2.0.0.202105311346/tools/bin/../lib/gcc/arm-none-eabi/9.3.1/thumb/v7e-m+fp/hard/crtend.o
LOAD d:/st/stm32cubeide_1.7.0/stm32cubeide/plugins/com.st.stm32cube.ide.mcu.externaltools.gnu-tools-for-stm32.9-2020-q2-update.win32_2.0.0.202105311346/tools/bin/../lib/gcc/arm-none-eabi/9.3.1/thumb/v7e-m+fp/hard/crtn.o
                0x0000000020010000                _estack = (ORIGIN (RAM) + LENGTH (RAM))
                0x0000000000000200                _Min_Heap_Size = 0x200
                0x0000000000000400                _Min_Stack_Size = 0x400

.isr_vector     0x0000000008000000      0x194
                0x0000000008000000                . = ALIGN (0x4)
 *(.isr_vector)
 .isr_vector    0x0000000008000000      0x194 ./Application/Startup/startup_stm32f303retx.o
                0x0000000008000000                g_pfnVectors
                0x0000000008000194                . = ALIGN (0x4)

.text           0x0000000008000194     0x8274
                0x0000000008000194                . = ALIGN (0x4)
 *(.text)
 .text          0x0000000008000194       0x40 d:/st/stm32cubeide_1.7.0/stm32cubeide/plugins/com.st.stm32cube.ide.mcu.externaltools.gnu-tools-for-stm32.9-2020-q2-update.win32_2.0.0.202105311346/tools/bin/../lib/gcc/arm-none-eabi/9.3.1/thumb/v7e-m+fp/hard/crtbegin.o
 *(.text*)
 .text.Reset_Handler
                0x00000000080001d4       0x50 ./Application/Startup/startup_stm32f303retx.o
                0x00000000080001d4                Reset_Handler
 .text.Default_Handler
                0x0000000008000224        0x2 ./Application/Startup/startup_stm32f303retx.o
                0x0000000008000224                RTC_Alarm_IRQHandler
                0x0000000008000224                TIM8_TRG_COM_IRQHandler
                0x0000000008000224                TIM8_CC_IRQHandler
                0x0000000008000224                DebugMon_Handler
                0x0000000008000224                SPI4_IRQHandler
                0x0000000008000224                TIM1_CC_IRQHandler
                0x0000000008000224                USB_HP_IRQHandler
                0x0000000008000224                PVD_IRQHandler
                0x0000000008000224                TAMP_STAMP_IRQHandler
                0x0000000008000224                PendSV_Handler
                0x0000000008000224                NMI_Handler
                0x0000000008000224                EXTI3_IRQHandler
                0x0000000008000224                I2C3_ER_IRQHandler
                0x0000000008000224                USB_HP_CAN_TX_IRQHandler
                0x0000000008000224                EXTI0_IRQHandler
                0x0000000008000224                I2C2_EV_IRQHandler
                0x0000000008000224                FPU_IRQHandler
                0x0000000008000224                UsageFault_Handler
                0x0000000008000224                SPI1_IRQHandler
                0x0000000008000224                CAN_SCE_IRQHandler
                0x0000000008000224                TIM6_DAC_IRQHandler
                0x0000000008000224                TIM8_UP_IRQHandler
                0x0000000008000224                DMA2_Channel2_IRQHandler
                0x0000000008000224                DMA1_Channel4_IRQHandler
                0x0000000008000224                TIM20_TRG_COM_IRQHandler
                0x0000000008000224                USART3_IRQHandler
                0x0000000008000224                DMA1_Channel7_IRQHandler
                0x0000000008000224                UART5_IRQHandler
                0x0000000008000224                ADC3_IRQHandler
                0x0000000008000224                TIM4_IRQHandler
                0x0000000008000224                CAN_RX1_IRQHandler
                0x0000000008000224                DMA2_Channel1_IRQHandler
                0x0000000008000224                I2C1_EV_IRQHandler
                0x0000000008000224                DMA1_Channel6_IRQHandler
                0x0000000008000224                UART4_IRQHandler
                0x0000000008000224                DMA2_Channel4_IRQHandler
                0x0000000008000224                TIM3_IRQHandler
                0x0000000008000224                RCC_IRQHandler
                0x0000000008000224                TIM20_UP_IRQHandler
                0x0000000008000224                DMA1_Channel1_IRQHandler
                0x0000000008000224                Default_Handler
                0x0000000008000224                USBWakeUp_RMP_IRQHandler
                0x0000000008000224                TIM7_IRQHandler
                0x0000000008000224                I2C3_EV_IRQHandler
                0x0000000008000224                EXTI9_5_IRQHandler
                0x0000000008000224                RTC_WKUP_IRQHandler
                0x0000000008000224                SPI2_IRQHandler
                0x0000000008000224                USB_LP_CAN_RX0_IRQHandler
                0x0000000008000224                MemManage_Handler
                0x0000000008000224                SVC_Handler
                0x0000000008000224                DMA2_Channel5_IRQHandler
                0x0000000008000224                DMA1_Channel5_IRQHandler
                0x0000000008000224                USB_LP_IRQHandler
                0x0000000008000224                EXTI4_IRQHandler
                0x0000000008000224                TIM1_TRG_COM_TIM17_IRQHandler
                0x0000000008000224                DMA1_Channel3_IRQHandler
                0x0000000008000224                ADC4_IRQHandler
                0x0000000008000224                WWDG_IRQHandler
                0x0000000008000224                COMP7_IRQHandler
                0x0000000008000224                COMP1_2_3_IRQHandler
                0x0000000008000224                EXTI1_IRQHandler
                0x0000000008000224                COMP4_5_6_IRQHandler
                0x0000000008000224                TIM20_BRK_IRQHandler
                0x0000000008000224                I2C2_ER_IRQHandler
                0x0000000008000224                DMA1_Channel2_IRQHandler
                0x0000000008000224                TIM8_BRK_IRQHandler
                0x0000000008000224                FLASH_IRQHandler
                0x0000000008000224                TIM20_CC_IRQHandler
                0x0000000008000224                BusFault_Handler
                0x0000000008000224                USART1_IRQHandler
                0x0000000008000224                SPI3_IRQHandler
                0x0000000008000224                I2C1_ER_IRQHandler
                0x0000000008000224                FMC_IRQHandler
                0x0000000008000224                USBWakeUp_IRQHandler
                0x0000000008000224                DMA2_Channel3_IRQHandler
                0x0000000008000224                EXTI2_TSC_IRQHandler
 *fill*         0x0000000008000226        0x2 
 .text.ASPEP_start
                0x0000000008000228       0x24 ./Application/User/aspep.o
                0x0000000008000228                ASPEP_start
 .text.ASPEP_sendBeacon
                0x000000000800024c       0x88 ./Application/User/aspep.o
                0x000000000800024c                ASPEP_sendBeacon
 .text.ASPEP_sendPing
                0x00000000080002d4       0x8c ./Application/User/aspep.o
                0x00000000080002d4                ASPEP_sendPing
 .text.ASPEP_getBuffer
                0x0000000008000360       0x6c ./Application/User/aspep.o
                0x0000000008000360                ASPEP_getBuffer
 .text.ASPEP_sendPacket
                0x00000000080003cc      0x10c ./Application/User/aspep.o
                0x00000000080003cc                ASPEP_sendPacket
 .text.ASPEP_HWDataTransmittedIT
                0x00000000080004d8       0xa0 ./Application/User/aspep.o
                0x00000000080004d8                ASPEP_HWDataTransmittedIT
 .text.ASPEP_RXframeProcess
                0x0000000008000578      0x2a8 ./Application/User/aspep.o
                0x0000000008000578                ASPEP_RXframeProcess
 .text.ASPEP_HWDataReceivedIT
                0x0000000008000820       0x9c ./Application/User/aspep.o
                0x0000000008000820                ASPEP_HWDataReceivedIT
 .text.ASPEP_HWReset
                0x00000000080008bc       0x14 ./Application/User/aspep.o
                0x00000000080008bc                ASPEP_HWReset
 .text.HF_GetIDSize
                0x00000000080008d0       0x18 ./Application/User/hf_registers.o
                0x00000000080008d0                HF_GetIDSize
 .text.HF_GetPtrReg
                0x00000000080008e8      0x134 ./Application/User/hf_registers.o
                0x00000000080008e8                HF_GetPtrReg
 .text.SystemClock_Config
                0x0000000008000a1c       0x98 ./Application/User/main.o
                0x0000000008000a1c                SystemClock_Config
 .text.startup.main
                0x0000000008000ab4      0x470 ./Application/User/main.o
                0x0000000008000ab4                main
 .text.Error_Handler
                0x0000000008000f24        0x4 ./Application/User/main.o
                0x0000000008000f24                Error_Handler
 .text.MC_StartMotor1
                0x0000000008000f28        0xc ./Application/User/mc_api.o
                0x0000000008000f28                MC_StartMotor1
 .text.MC_StopMotor1
                0x0000000008000f34        0xc ./Application/User/mc_api.o
                0x0000000008000f34                MC_StopMotor1
 .text.MC_GetSTMStateMotor1
                0x0000000008000f40        0xc ./Application/User/mc_api.o
                0x0000000008000f40                MC_GetSTMStateMotor1
 .text.MC_ProfilerCommand
                0x0000000008000f4c        0x4 ./Application/User/mc_api.o
                0x0000000008000f4c                MC_ProfilerCommand
 .text.MC_APP_BootHook
                0x0000000008000f50        0x4 ./Application/User/mc_app_hooks.o
                0x0000000008000f50                MC_APP_BootHook
 .text.MC_APP_PostMediumFrequencyHook_M1
                0x0000000008000f54        0x4 ./Application/User/mc_app_hooks.o
                0x0000000008000f54                MC_APP_PostMediumFrequencyHook_M1
 .text.MCI_ExecSpeedRamp
                0x0000000008000f58       0x18 ./Application/User/mc_interface.o
                0x0000000008000f58                MCI_ExecSpeedRamp
 .text.MCI_ExecTorqueRamp
                0x0000000008000f70       0x18 ./Application/User/mc_interface.o
                0x0000000008000f70                MCI_ExecTorqueRamp
 .text.MCI_SetCurrentReferences
                0x0000000008000f88       0x14 ./Application/User/mc_interface.o
                0x0000000008000f88                MCI_SetCurrentReferences
 .text.MCI_ExecPositionCommand
                0x0000000008000f9c       0x74 ./Application/User/mc_interface.o
                0x0000000008000f9c                MCI_ExecPositionCommand
 .text.MCI_FaultProcessing
                0x0000000008001010       0x18 ./Application/User/mc_interface.o
                0x0000000008001010                MCI_FaultProcessing
 .text.MCI_ExecBufferedCommands
                0x0000000008001028       0x70 ./Application/User/mc_interface.o
                0x0000000008001028                MCI_ExecBufferedCommands
 .text.MCI_GetSTMState
                0x0000000008001098        0x4 ./Application/User/mc_interface.o
                0x0000000008001098                MCI_GetSTMState
 .text.MCI_GetCurrentPosition
                0x000000000800109c        0x8 ./Application/User/mc_interface.o
                0x000000000800109c                MCI_GetCurrentPosition
 .text.MCI_GetOccurredFaults
                0x00000000080010a4        0x4 ./Application/User/mc_interface.o
                0x00000000080010a4                MCI_GetOccurredFaults
 .text.MCI_GetCurrentFaults
                0x00000000080010a8        0x4 ./Application/User/mc_interface.o
                0x00000000080010a8                MCI_GetCurrentFaults
 .text.MCI_StartMotor
                0x00000000080010ac       0x2c ./Application/User/mc_interface.o
                0x00000000080010ac                MCI_StartMotor
 .text.MCI_StopMotor
                0x00000000080010d8       0x40 ./Application/User/mc_interface.o
                0x00000000080010d8                MCI_StopMotor
 .text.MCI_FaultAcknowledged
                0x0000000008001118       0x24 ./Application/User/mc_interface.o
                0x0000000008001118                MCI_FaultAcknowledged
 .text.MCI_GetFaultState
                0x000000000800113c        0xc ./Application/User/mc_interface.o
                0x000000000800113c                MCI_GetFaultState
 .text.MCI_GetControlMode
                0x0000000008001148        0x4 ./Application/User/mc_interface.o
                0x0000000008001148                MCI_GetControlMode
 .text.MCI_GetLastRampFinalSpeed
                0x000000000800114c        0x8 ./Application/User/mc_interface.o
                0x000000000800114c                MCI_GetLastRampFinalSpeed
 .text.MCI_GetLastRampFinalTorque
                0x0000000008001154        0x8 ./Application/User/mc_interface.o
                0x0000000008001154                MCI_GetLastRampFinalTorque
 .text.MCI_GetLastRampFinalDuration
                0x000000000800115c        0x4 ./Application/User/mc_interface.o
                0x000000000800115c                MCI_GetLastRampFinalDuration
 .text.MCI_StopRamp
                0x0000000008001160        0xc ./Application/User/mc_interface.o
                0x0000000008001160                MCI_StopRamp
 .text.MCI_GetAvrgMecSpeedUnit
                0x000000000800116c        0x8 ./Application/User/mc_interface.o
                0x000000000800116c                MCI_GetAvrgMecSpeedUnit
 .text.MCI_GetMecSpeedRefUnit
                0x0000000008001174        0x8 ./Application/User/mc_interface.o
                0x0000000008001174                MCI_GetMecSpeedRefUnit
 .text.MCI_GetIab
                0x000000000800117c       0x1c ./Application/User/mc_interface.o
                0x000000000800117c                MCI_GetIab
 .text.MCI_GetIalphabeta
                0x0000000008001198       0x1c ./Application/User/mc_interface.o
                0x0000000008001198                MCI_GetIalphabeta
 .text.MCI_GetIqd
                0x00000000080011b4       0x1c ./Application/User/mc_interface.o
                0x00000000080011b4                MCI_GetIqd
 .text.MCI_GetIqdref
                0x00000000080011d0       0x1c ./Application/User/mc_interface.o
                0x00000000080011d0                MCI_GetIqdref
 .text.MCI_GetVqd
                0x00000000080011ec       0x1c ./Application/User/mc_interface.o
                0x00000000080011ec                MCI_GetVqd
 .text.MCI_GetValphabeta
                0x0000000008001208       0x1c ./Application/User/mc_interface.o
                0x0000000008001208                MCI_GetValphabeta
 .text.MCI_GetTeref
                0x0000000008001224        0x8 ./Application/User/mc_interface.o
                0x0000000008001224                MCI_GetTeref
 .text.MCI_Clear_Iqdref
                0x000000000800122c       0x14 ./Application/User/mc_interface.o
                0x000000000800122c                MCI_Clear_Iqdref
 .text.MCM_Clarke
                0x0000000008001240       0x54 ./Application/User/mc_math.o
                0x0000000008001240                MCM_Clarke
 .text.MCM_Trig_Functions
                0x0000000008001294       0x98 ./Application/User/mc_math.o
                0x0000000008001294                MCM_Trig_Functions
 .text.MCM_Park
                0x000000000800132c       0x84 ./Application/User/mc_math.o
                0x000000000800132c                MCM_Park
 .text.MCM_Rev_Park
                0x00000000080013b0       0x40 ./Application/User/mc_math.o
                0x00000000080013b0                MCM_Rev_Park
 .text.MCM_Sqrt
                0x00000000080013f0       0x74 ./Application/User/mc_math.o
                0x00000000080013f0                MCM_Sqrt
 .text.MCboot   0x0000000008001464       0x68 ./Application/User/mc_tasks.o
                0x0000000008001464                MCboot
 .text.TSK_SetChargeBootCapDelayM1
                0x00000000080014cc        0xc ./Application/User/mc_tasks.o
                0x00000000080014cc                TSK_SetChargeBootCapDelayM1
 .text.TSK_ChargeBootCapDelayHasElapsedM1
                0x00000000080014d8       0x14 ./Application/User/mc_tasks.o
                0x00000000080014d8                TSK_ChargeBootCapDelayHasElapsedM1
 .text.TSK_SetStopPermanencyTimeM1
                0x00000000080014ec        0xc ./Application/User/mc_tasks.o
                0x00000000080014ec                TSK_SetStopPermanencyTimeM1
 .text.TSK_StopPermanencyTimeHasElapsedM1
                0x00000000080014f8       0x14 ./Application/User/mc_tasks.o
                0x00000000080014f8                TSK_StopPermanencyTimeHasElapsedM1
 .text.TSK_HighFrequencyTask
                0x000000000800150c       0x2c ./Application/User/mc_tasks.o
                0x000000000800150c                TSK_HighFrequencyTask
 .text.TSK_SafetyTask_PWMOFF
                0x0000000008001538       0x80 ./Application/User/mc_tasks.o
                0x0000000008001538                TSK_SafetyTask_PWMOFF
 .text.TSK_SafetyTask
                0x00000000080015b8       0x18 ./Application/User/mc_tasks.o
                0x00000000080015b8                TSK_SafetyTask
 .text.MC_RunMotorControlTasks
                0x00000000080015d0       0x90 ./Application/User/mc_tasks.o
                0x00000000080015d0                MC_RunMotorControlTasks
 .text.TSK_HardwareFaultTask
                0x0000000008001660       0x1c ./Application/User/mc_tasks.o
                0x0000000008001660                TSK_HardwareFaultTask
 .text.UI_HandleStartStopButton_cb
                0x000000000800167c       0x18 ./Application/User/mc_tasks.o
                0x000000000800167c                UI_HandleStartStopButton_cb
 .text.mc_lock_pins
                0x0000000008001694      0x120 ./Application/User/mc_tasks.o
                0x0000000008001694                mc_lock_pins
 .text.FOC_Clear
                0x00000000080017b4       0x6c ./Application/User/mc_tasks_foc.o
                0x00000000080017b4                FOC_Clear
 .text.FOC_Init
                0x0000000008001820      0x104 ./Application/User/mc_tasks_foc.o
                0x0000000008001820                FOC_Init
 .text.FOC_InitAdditionalMethods
                0x0000000008001924        0x4 ./Application/User/mc_tasks_foc.o
                0x0000000008001924                FOC_InitAdditionalMethods
 .text.FOC_CalcCurrRef
                0x0000000008001928       0x50 ./Application/User/mc_tasks_foc.o
                0x0000000008001928                FOC_CalcCurrRef
 .text.TSK_MediumFrequencyTaskM1
                0x0000000008001978      0x2a4 ./Application/User/mc_tasks_foc.o
                0x0000000008001978                TSK_MediumFrequencyTaskM1
 .text.FOC_HighFrequencyTask
                0x0000000008001c1c      0x118 ./Application/User/mc_tasks_foc.o
                0x0000000008001c1c                FOC_HighFrequencyTask
 .text.RI_SetRegCommandParser
                0x0000000008001d34       0xdc ./Application/User/mcp.o
                0x0000000008001d34                RI_SetRegCommandParser
 .text.MCP_ReceivedPacket
                0x0000000008001e10      0x280 ./Application/User/mcp.o
                0x0000000008001e10                MCP_ReceivedPacket
 .text.MX_MotorControl_Init
                0x0000000008002090       0x3c ./Application/User/motorcontrol.o
                0x0000000008002090                MX_MotorControl_Init
 .text.startTimers
                0x00000000080020cc       0x84 ./Application/User/pwm_common.o
                0x00000000080020cc                startTimers
 .text.waitForPolarizationEnd
                0x0000000008002150       0x38 ./Application/User/pwm_common.o
                0x0000000008002150                waitForPolarizationEnd
 .text.PWMC_SetPhaseVoltage
                0x0000000008002188      0x264 ./Application/User/pwm_curr_fdbk.o
                0x0000000008002188                PWMC_SetPhaseVoltage
 .text.PWMC_SwitchOffPWM
                0x00000000080023ec        0x4 ./Application/User/pwm_curr_fdbk.o
                0x00000000080023ec                PWMC_SwitchOffPWM
 .text.PWMC_SwitchOnPWM
                0x00000000080023f0        0x4 ./Application/User/pwm_curr_fdbk.o
                0x00000000080023f0                PWMC_SwitchOnPWM
 .text.PWMC_CurrentReadingCalibr
                0x00000000080023f4       0x48 ./Application/User/pwm_curr_fdbk.o
                0x00000000080023f4                PWMC_CurrentReadingCalibr
 .text.PWMC_DP_Handler
                0x000000000800243c       0x14 ./Application/User/pwm_curr_fdbk.o
                0x000000000800243c                PWMC_DP_Handler
 .text.PWMC_OVP_Handler
                0x0000000008002450       0x20 ./Application/User/pwm_curr_fdbk.o
                0x0000000008002450                PWMC_OVP_Handler
 .text.PWMC_IsFaultOccurred
                0x0000000008002470       0x38 ./Application/User/pwm_curr_fdbk.o
                0x0000000008002470                PWMC_IsFaultOccurred
 .text.RCM_RegisterRegConv
                0x00000000080024a8      0x108 ./Application/User/regular_conversion_manager.o
                0x00000000080024a8                RCM_RegisterRegConv
 .text.RCM_ExecNextConv
                0x00000000080025b0       0x8c ./Application/User/regular_conversion_manager.o
                0x00000000080025b0                RCM_ExecNextConv
 .text.RCM_ReadOngoingConv
                0x000000000800263c       0x44 ./Application/User/regular_conversion_manager.o
                0x000000000800263c                RCM_ReadOngoingConv
 .text.STC_Init
                0x0000000008002680       0x28 ./Application/User/speed_torq_ctrl.o
                0x0000000008002680                STC_Init
 .text.STC_SetSpeedSensor
                0x00000000080026a8        0x4 ./Application/User/speed_torq_ctrl.o
                0x00000000080026a8                STC_SetSpeedSensor
 .text.STC_Clear
                0x00000000080026ac       0x18 ./Application/User/speed_torq_ctrl.o
                0x00000000080026ac                STC_Clear
 .text.STC_GetMecSpeedRefUnit
                0x00000000080026c4        0x8 ./Application/User/speed_torq_ctrl.o
                0x00000000080026c4                STC_GetMecSpeedRefUnit
 .text.STC_SetControlMode
                0x00000000080026cc        0x8 ./Application/User/speed_torq_ctrl.o
                0x00000000080026cc                STC_SetControlMode
 .text.STC_ExecRamp
                0x00000000080026d4       0x8c ./Application/User/speed_torq_ctrl.o
                0x00000000080026d4                STC_ExecRamp
 .text.STC_CalcTorqueReference
                0x0000000008002760       0x54 ./Application/User/speed_torq_ctrl.o
                0x0000000008002760                STC_CalcTorqueReference
 .text.STC_GetMecSpeedRefUnitDefault
                0x00000000080027b4        0x8 ./Application/User/speed_torq_ctrl.o
                0x00000000080027b4                STC_GetMecSpeedRefUnitDefault
 .text.STC_GetDefaultIqdref
                0x00000000080027bc       0x1c ./Application/User/speed_torq_ctrl.o
                0x00000000080027bc                STC_GetDefaultIqdref
 .text.STC_ForceSpeedReferenceToCurrentSpeed
                0x00000000080027d8       0x10 ./Application/User/speed_torq_ctrl.o
                0x00000000080027d8                STC_ForceSpeedReferenceToCurrentSpeed
 .text.TIM2_IRQHandler
                0x00000000080027e8       0x20 ./Application/User/stm32_mc_common_it.o
                0x00000000080027e8                TIM2_IRQHandler
 .text.USART2_IRQHandler
                0x0000000008002808       0xe8 ./Application/User/stm32_mc_common_it.o
                0x0000000008002808                USART2_IRQHandler
 .text.HardFault_Handler
                0x00000000080028f0        0x8 ./Application/User/stm32_mc_common_it.o
                0x00000000080028f0                HardFault_Handler
 .text.SysTick_Handler
                0x00000000080028f8       0x50 ./Application/User/stm32_mc_common_it.o
                0x00000000080028f8                SysTick_Handler
 .text.EXTI15_10_IRQHandler
                0x0000000008002948       0x18 ./Application/User/stm32_mc_common_it.o
                0x0000000008002948                EXTI15_10_IRQHandler
 .text.ADC1_2_IRQHandler
                0x0000000008002960        0xc ./Application/User/stm32f30x_mc_it.o
                0x0000000008002960                ADC1_2_IRQHandler
 .text.TIM1_UP_TIM16_IRQHandler
                0x000000000800296c       0x18 ./Application/User/stm32f30x_mc_it.o
                0x000000000800296c                TIM1_UP_TIM16_IRQHandler
 .text.TIM1_BRK_TIM15_IRQHandler
                0x0000000008002984       0x3c ./Application/User/stm32f30x_mc_it.o
                0x0000000008002984                TIM1_BRK_TIM15_IRQHandler
 .text.HAL_MspInit
                0x00000000080029c0       0x34 ./Application/User/stm32f3xx_hal_msp.o
                0x00000000080029c0                HAL_MspInit
 .text.HAL_ADC_MspInit
                0x00000000080029f4       0xf4 ./Application/User/stm32f3xx_hal_msp.o
                0x00000000080029f4                HAL_ADC_MspInit
 .text.HAL_TIM_PWM_MspInit
                0x0000000008002ae8       0x70 ./Application/User/stm32f3xx_hal_msp.o
                0x0000000008002ae8                HAL_TIM_PWM_MspInit
 .text.HAL_TIM_Encoder_MspInit
                0x0000000008002b58       0x98 ./Application/User/stm32f3xx_hal_msp.o
                0x0000000008002b58                HAL_TIM_Encoder_MspInit
 .text.HAL_TIM_MspPostInit
                0x0000000008002bf0       0x60 ./Application/User/stm32f3xx_hal_msp.o
                0x0000000008002bf0                HAL_TIM_MspPostInit
 .text.HAL_UART_MspInit
                0x0000000008002c50       0xd0 ./Application/User/stm32f3xx_hal_msp.o
                0x0000000008002c50                HAL_UART_MspInit
 .text.RI_SetRegisterGlobal
                0x0000000008002d20      0x100 ./Application/User/sync_registers.o
                0x0000000008002d20                RI_SetRegisterGlobal
 .text.RI_SetRegisterMotor1
                0x0000000008002e20      0x4fc ./Application/User/sync_registers.o
                0x0000000008002e20                RI_SetRegisterMotor1
 .text.RI_GetRegisterGlobal
                0x000000000800331c      0x130 ./Application/User/sync_registers.o
                0x000000000800331c                RI_GetRegisterGlobal
 .text.RI_GetRegisterMotor1
                0x000000000800344c      0x73c ./Application/User/sync_registers.o
                0x000000000800344c                RI_GetRegisterMotor1
 .text.UASPEP_INIT
                0x0000000008003b88       0x8c ./Application/User/usart_aspep_driver.o
                0x0000000008003b88                UASPEP_INIT
 .text.UASPEP_CFG_TRANSMISSION
                0x0000000008003c14       0x34 ./Application/User/usart_aspep_driver.o
                0x0000000008003c14                UASPEP_CFG_TRANSMISSION
 .text.UASPEP_CFG_RECEPTION
                0x0000000008003c48       0x34 ./Application/User/usart_aspep_driver.o
                0x0000000008003c48                UASPEP_CFG_RECEPTION
 .text.UASPEP_IDLE_ENABLE
                0x0000000008003c7c       0x18 ./Application/User/usart_aspep_driver.o
                0x0000000008003c7c                UASPEP_IDLE_ENABLE
 .text.SystemInit
                0x0000000008003c94       0x14 ./Drivers/CMSIS/system_stm32f3xx.o
                0x0000000008003c94                SystemInit
 .text.HAL_InitTick
                0x0000000008003ca8       0x48 ./Drivers/STM32F3xx_HAL_Driver/stm32f3xx_hal.o
                0x0000000008003ca8                HAL_InitTick
 .text.HAL_Init
                0x0000000008003cf0       0x24 ./Drivers/STM32F3xx_HAL_Driver/stm32f3xx_hal.o
                0x0000000008003cf0                HAL_Init
 .text.HAL_IncTick
                0x0000000008003d14       0x18 ./Drivers/STM32F3xx_HAL_Driver/stm32f3xx_hal.o
                0x0000000008003d14                HAL_IncTick
 .text.HAL_GetTick
                0x0000000008003d2c        0xc ./Drivers/STM32F3xx_HAL_Driver/stm32f3xx_hal.o
                0x0000000008003d2c                HAL_GetTick
 .text.ADC_Disable
                0x0000000008003d38       0x80 ./Drivers/STM32F3xx_HAL_Driver/stm32f3xx_hal_adc_ex.o
 .text.HAL_ADC_Init
                0x0000000008003db8      0x2ac ./Drivers/STM32F3xx_HAL_Driver/stm32f3xx_hal_adc_ex.o
                0x0000000008003db8                HAL_ADC_Init
 .text.HAL_ADC_ConfigChannel
                0x0000000008004064      0x380 ./Drivers/STM32F3xx_HAL_Driver/stm32f3xx_hal_adc_ex.o
                0x0000000008004064                HAL_ADC_ConfigChannel
 .text.HAL_ADCEx_InjectedConfigChannel
                0x00000000080043e4      0x4e0 ./Drivers/STM32F3xx_HAL_Driver/stm32f3xx_hal_adc_ex.o
                0x00000000080043e4                HAL_ADCEx_InjectedConfigChannel
 .text.HAL_ADCEx_MultiModeConfigChannel
                0x00000000080048c4      0x120 ./Drivers/STM32F3xx_HAL_Driver/stm32f3xx_hal_adc_ex.o
                0x00000000080048c4                HAL_ADCEx_MultiModeConfigChannel
 .text.HAL_NVIC_SetPriorityGrouping
                0x00000000080049e4       0x28 ./Drivers/STM32F3xx_HAL_Driver/stm32f3xx_hal_cortex.o
                0x00000000080049e4                HAL_NVIC_SetPriorityGrouping
 .text.HAL_NVIC_SetPriority
                0x0000000008004a0c       0x70 ./Drivers/STM32F3xx_HAL_Driver/stm32f3xx_hal_cortex.o
                0x0000000008004a0c                HAL_NVIC_SetPriority
 .text.HAL_NVIC_EnableIRQ
                0x0000000008004a7c       0x1c ./Drivers/STM32F3xx_HAL_Driver/stm32f3xx_hal_cortex.o
                0x0000000008004a7c                HAL_NVIC_EnableIRQ
 .text.HAL_NVIC_SystemReset
                0x0000000008004a98       0x24 ./Drivers/STM32F3xx_HAL_Driver/stm32f3xx_hal_cortex.o
                0x0000000008004a98                HAL_NVIC_SystemReset
 .text.HAL_SYSTICK_Config
                0x0000000008004abc       0x34 ./Drivers/STM32F3xx_HAL_Driver/stm32f3xx_hal_cortex.o
                0x0000000008004abc                HAL_SYSTICK_Config
 .text.HAL_SYSTICK_Callback
                0x0000000008004af0        0x4 ./Drivers/STM32F3xx_HAL_Driver/stm32f3xx_hal_cortex.o
                0x0000000008004af0                HAL_SYSTICK_Callback
 .text.HAL_SYSTICK_IRQHandler
                0x0000000008004af4        0x8 ./Drivers/STM32F3xx_HAL_Driver/stm32f3xx_hal_cortex.o
                0x0000000008004af4                HAL_SYSTICK_IRQHandler
 .text.HAL_DMA_Init
                0x0000000008004afc       0x88 ./Drivers/STM32F3xx_HAL_Driver/stm32f3xx_hal_dma.o
                0x0000000008004afc                HAL_DMA_Init
 .text.HAL_GPIO_Init
                0x0000000008004b84      0x1f8 ./Drivers/STM32F3xx_HAL_Driver/stm32f3xx_hal_gpio.o
                0x0000000008004b84                HAL_GPIO_Init
 .text.HAL_GPIO_WritePin
                0x0000000008004d7c        0xc ./Drivers/STM32F3xx_HAL_Driver/stm32f3xx_hal_gpio.o
                0x0000000008004d7c                HAL_GPIO_WritePin
 .text.HAL_RCC_OscConfig
                0x0000000008004d88      0x5dc ./Drivers/STM32F3xx_HAL_Driver/stm32f3xx_hal_rcc.o
                0x0000000008004d88                HAL_RCC_OscConfig
 .text.HAL_RCC_ClockConfig
                0x0000000008005364      0x1bc ./Drivers/STM32F3xx_HAL_Driver/stm32f3xx_hal_rcc.o
                0x0000000008005364                HAL_RCC_ClockConfig
 .text.HAL_RCC_EnableCSS
                0x0000000008005520       0x1c ./Drivers/STM32F3xx_HAL_Driver/stm32f3xx_hal_rcc.o
                0x0000000008005520                HAL_RCC_EnableCSS
 .text.HAL_RCC_GetSysClockFreq
                0x000000000800553c       0x44 ./Drivers/STM32F3xx_HAL_Driver/stm32f3xx_hal_rcc.o
                0x000000000800553c                HAL_RCC_GetSysClockFreq
 .text.HAL_RCC_GetHCLKFreq
                0x0000000008005580        0xc ./Drivers/STM32F3xx_HAL_Driver/stm32f3xx_hal_rcc.o
                0x0000000008005580                HAL_RCC_GetHCLKFreq
 .text.HAL_RCC_GetPCLK1Freq
                0x000000000800558c       0x30 ./Drivers/STM32F3xx_HAL_Driver/stm32f3xx_hal_rcc.o
                0x000000000800558c                HAL_RCC_GetPCLK1Freq
 .text.HAL_RCC_GetPCLK2Freq
                0x00000000080055bc       0x30 ./Drivers/STM32F3xx_HAL_Driver/stm32f3xx_hal_rcc.o
                0x00000000080055bc                HAL_RCC_GetPCLK2Freq
 .text.HAL_RCCEx_PeriphCLKConfig
                0x00000000080055ec      0x2a0 ./Drivers/STM32F3xx_HAL_Driver/stm32f3xx_hal_rcc_ex.o
                0x00000000080055ec                HAL_RCCEx_PeriphCLKConfig
 .text.TIM_OC1_SetConfig
                0x000000000800588c       0x84 ./Drivers/STM32F3xx_HAL_Driver/stm32f3xx_hal_tim.o
 .text.TIM_OC3_SetConfig
                0x0000000008005910       0xa4 ./Drivers/STM32F3xx_HAL_Driver/stm32f3xx_hal_tim.o
 .text.HAL_TIM_PWM_Init
                0x00000000080059b4      0x138 ./Drivers/STM32F3xx_HAL_Driver/stm32f3xx_hal_tim.o
                0x00000000080059b4                HAL_TIM_PWM_Init
 .text.HAL_TIM_Encoder_Init
                0x0000000008005aec      0x190 ./Drivers/STM32F3xx_HAL_Driver/stm32f3xx_hal_tim.o
                0x0000000008005aec                HAL_TIM_Encoder_Init
 .text.TIM_OC2_SetConfig
                0x0000000008005c7c       0xa4 ./Drivers/STM32F3xx_HAL_Driver/stm32f3xx_hal_tim.o
                0x0000000008005c7c                TIM_OC2_SetConfig
 .text.HAL_TIM_PWM_ConfigChannel
                0x0000000008005d20      0x264 ./Drivers/STM32F3xx_HAL_Driver/stm32f3xx_hal_tim.o
                0x0000000008005d20                HAL_TIM_PWM_ConfigChannel
 .text.HAL_TIMEx_MasterConfigSynchronization
                0x0000000008005f84       0xb4 ./Drivers/STM32F3xx_HAL_Driver/stm32f3xx_hal_tim_ex.o
                0x0000000008005f84                HAL_TIMEx_MasterConfigSynchronization
 .text.HAL_TIMEx_ConfigBreakDeadTime
                0x0000000008006038       0x90 ./Drivers/STM32F3xx_HAL_Driver/stm32f3xx_hal_tim_ex.o
                0x0000000008006038                HAL_TIMEx_ConfigBreakDeadTime
 .text.UART_AdvFeatureConfig
                0x00000000080060c8       0xb0 ./Drivers/STM32F3xx_HAL_Driver/stm32f3xx_hal_uart.o
                0x00000000080060c8                UART_AdvFeatureConfig
 .text.UART_CheckIdleState
                0x0000000008006178      0x258 ./Drivers/STM32F3xx_HAL_Driver/stm32f3xx_hal_uart.o
                0x0000000008006178                UART_CheckIdleState
 .text.HAL_UART_Init
                0x00000000080063d0      0x2a8 ./Drivers/STM32F3xx_HAL_Driver/stm32f3xx_hal_uart.o
                0x00000000080063d0                HAL_UART_Init
 .text.VBS_GetAvBusVoltage_V
                0x0000000008006678        0xc ./Middlewares/MotorControl/bus_voltage_sensor.o
                0x0000000008006678                VBS_GetAvBusVoltage_V
 .text.Circle_Limitation
                0x0000000008006684       0x60 ./Middlewares/MotorControl/circle_limitation.o
                0x0000000008006684                Circle_Limitation
 .text.EAC_Init
                0x00000000080066e4       0x14 ./Middlewares/MotorControl/enc_align_ctrl.o
                0x00000000080066e4                EAC_Init
 .text.EAC_StartAlignment
                0x00000000080066f8       0x58 ./Middlewares/MotorControl/enc_align_ctrl.o
                0x00000000080066f8                EAC_StartAlignment
 .text.EAC_Exec
                0x0000000008006750       0x30 ./Middlewares/MotorControl/enc_align_ctrl.o
                0x0000000008006750                EAC_Exec
 .text.ENC_Init
                0x0000000008006780       0x78 ./Middlewares/MotorControl/encoder_speed_pos_fdbk.o
                0x0000000008006780                ENC_Init
 .text.ENC_Clear
                0x00000000080067f8       0x24 ./Middlewares/MotorControl/encoder_speed_pos_fdbk.o
                0x00000000080067f8                ENC_Clear
 .text.ENC_CalcAngle
                0x000000000800681c       0x34 ./Middlewares/MotorControl/encoder_speed_pos_fdbk.o
                0x000000000800681c                ENC_CalcAngle
 .text.ENC_CalcAvrgMecSpeedUnit
                0x0000000008006850      0x1ac ./Middlewares/MotorControl/encoder_speed_pos_fdbk.o
                0x0000000008006850                ENC_CalcAvrgMecSpeedUnit
 .text.ENC_SetMecAngle
                0x00000000080069fc       0x34 ./Middlewares/MotorControl/encoder_speed_pos_fdbk.o
                0x00000000080069fc                ENC_SetMecAngle
 .text.ENC_IRQHandler
                0x0000000008006a30       0x14 ./Middlewares/MotorControl/encoder_speed_pos_fdbk.o
                0x0000000008006a30                ENC_IRQHandler
 .text.MCPA_dataLog
                0x0000000008006a44      0x188 ./Middlewares/MotorControl/mcpa.o
                0x0000000008006a44                MCPA_dataLog
 .text.MCPA_cfgLog
                0x0000000008006bcc       0xe8 ./Middlewares/MotorControl/mcpa.o
                0x0000000008006bcc                MCPA_cfgLog
 .text.NTC_Init
                0x0000000008006cb4       0x20 ./Middlewares/MotorControl/ntc_temperature_sensor.o
                0x0000000008006cb4                NTC_Init
 .text.NTC_GetAvTemp_C
                0x0000000008006cd4       0x24 ./Middlewares/MotorControl/ntc_temperature_sensor.o
                0x0000000008006cd4                NTC_GetAvTemp_C
 .text.PID_HandleInit
                0x0000000008006cf8       0x10 ./Middlewares/MotorControl/pid_regulator.o
                0x0000000008006cf8                PID_HandleInit
 .text.PID_SetKP
                0x0000000008006d08        0x4 ./Middlewares/MotorControl/pid_regulator.o
                0x0000000008006d08                PID_SetKP
 .text.PID_SetKI
                0x0000000008006d0c        0x4 ./Middlewares/MotorControl/pid_regulator.o
                0x0000000008006d0c                PID_SetKI
 .text.PID_GetKP
                0x0000000008006d10        0x8 ./Middlewares/MotorControl/pid_regulator.o
                0x0000000008006d10                PID_GetKP
 .text.PID_GetKI
                0x0000000008006d18        0x8 ./Middlewares/MotorControl/pid_regulator.o
                0x0000000008006d18                PID_GetKI
 .text.PID_SetIntegralTerm
                0x0000000008006d20        0x4 ./Middlewares/MotorControl/pid_regulator.o
                0x0000000008006d20                PID_SetIntegralTerm
 .text.PID_GetKPDivisorPOW2
                0x0000000008006d24        0x4 ./Middlewares/MotorControl/pid_regulator.o
                0x0000000008006d24                PID_GetKPDivisorPOW2
 .text.PID_SetKPDivisorPOW2
                0x0000000008006d28        0xc ./Middlewares/MotorControl/pid_regulator.o
                0x0000000008006d28                PID_SetKPDivisorPOW2
 .text.PID_GetKIDivisorPOW2
                0x0000000008006d34        0x4 ./Middlewares/MotorControl/pid_regulator.o
                0x0000000008006d34                PID_GetKIDivisorPOW2
 .text.PID_SetLowerIntegralTermLimit
                0x0000000008006d38        0x4 ./Middlewares/MotorControl/pid_regulator.o
                0x0000000008006d38                PID_SetLowerIntegralTermLimit
 .text.PID_SetUpperIntegralTermLimit
                0x0000000008006d3c        0x4 ./Middlewares/MotorControl/pid_regulator.o
                0x0000000008006d3c                PID_SetUpperIntegralTermLimit
 .text.PID_SetKIDivisorPOW2
                0x0000000008006d40       0x28 ./Middlewares/MotorControl/pid_regulator.o
                0x0000000008006d40                PID_SetKIDivisorPOW2
 .text.PID_SetKD
                0x0000000008006d68        0x4 ./Middlewares/MotorControl/pid_regulator.o
                0x0000000008006d68                PID_SetKD
 .text.PID_GetKD
                0x0000000008006d6c        0x8 ./Middlewares/MotorControl/pid_regulator.o
                0x0000000008006d6c                PID_GetKD
 .text.PID_GetKDDivisorPOW2
                0x0000000008006d74        0x4 ./Middlewares/MotorControl/pid_regulator.o
                0x0000000008006d74                PID_GetKDDivisorPOW2
 .text.PID_SetKDDivisorPOW2
                0x0000000008006d78        0xc ./Middlewares/MotorControl/pid_regulator.o
                0x0000000008006d78                PID_SetKDDivisorPOW2
 .text.PI_Controller
                0x0000000008006d84       0x8c ./Middlewares/MotorControl/pid_regulator.o
                0x0000000008006d84                PI_Controller
 .text.PID_Controller
                0x0000000008006e10       0x44 ./Middlewares/MotorControl/pid_regulator.o
                0x0000000008006e10                PID_Controller
 .text.PQD_CalcElMotorPower
                0x0000000008006e54       0x34 ./Middlewares/MotorControl/pqd_motor_power_measurement.o
                0x0000000008006e54                PQD_CalcElMotorPower
 .text.PQD_GetAvrgElMotorPowerW
                0x0000000008006e88       0x34 ./Middlewares/MotorControl/pqd_motor_power_measurement.o
                0x0000000008006e88                PQD_GetAvrgElMotorPowerW
 .text.R3_2_ADCxInit
                0x0000000008006ebc       0xc4 ./Middlewares/MotorControl/r3_2_f30x_pwm_curr_fdbk.o
 .text.R3_2_GetPhaseCurrents
                0x0000000008006f80      0x17c ./Middlewares/MotorControl/r3_2_f30x_pwm_curr_fdbk.o
                0x0000000008006f80                R3_2_GetPhaseCurrents
 .text.R3_2_SetADCSampPointPolarization
                0x00000000080070fc       0x3c ./Middlewares/MotorControl/r3_2_f30x_pwm_curr_fdbk.o
                0x00000000080070fc                R3_2_SetADCSampPointPolarization
 .text.R3_2_HFCurrentsPolarizationAB
                0x0000000008007138       0x4c ./Middlewares/MotorControl/r3_2_f30x_pwm_curr_fdbk.o
 .text.R3_2_HFCurrentsPolarizationC
                0x0000000008007184       0x48 ./Middlewares/MotorControl/r3_2_f30x_pwm_curr_fdbk.o
 .text.R3_2_SwitchOnPWM
                0x00000000080071cc       0xc0 ./Middlewares/MotorControl/r3_2_f30x_pwm_curr_fdbk.o
                0x00000000080071cc                R3_2_SwitchOnPWM
 .text.R3_2_RLGetPhaseCurrents
                0x000000000800728c       0x58 ./Middlewares/MotorControl/r3_2_f30x_pwm_curr_fdbk.o
 .text.R3_2_RLSwitchOnPWM
                0x00000000080072e4       0x8c ./Middlewares/MotorControl/r3_2_f30x_pwm_curr_fdbk.o
 .text.R3_2_TurnOnLowSides
                0x0000000008007370       0x74 ./Middlewares/MotorControl/r3_2_f30x_pwm_curr_fdbk.o
                0x0000000008007370                R3_2_TurnOnLowSides
 .text.R3_2_SwitchOffPWM
                0x00000000080073e4       0x48 ./Middlewares/MotorControl/r3_2_f30x_pwm_curr_fdbk.o
                0x00000000080073e4                R3_2_SwitchOffPWM
 .text.R3_2_RLTurnOnLowSides
                0x000000000800742c       0x4c ./Middlewares/MotorControl/r3_2_f30x_pwm_curr_fdbk.o
 .text.R3_2_Init
                0x0000000008007478      0x378 ./Middlewares/MotorControl/r3_2_f30x_pwm_curr_fdbk.o
                0x0000000008007478                R3_2_Init
 .text.R3_2_SetOffsetCalib
                0x00000000080077f0       0x1c ./Middlewares/MotorControl/r3_2_f30x_pwm_curr_fdbk.o
                0x00000000080077f0                R3_2_SetOffsetCalib
 .text.R3_2_GetOffsetCalib
                0x000000000800780c       0x10 ./Middlewares/MotorControl/r3_2_f30x_pwm_curr_fdbk.o
                0x000000000800780c                R3_2_GetOffsetCalib
 .text.R3_2_CurrentReadingPolarization
                0x000000000800781c      0x12c ./Middlewares/MotorControl/r3_2_f30x_pwm_curr_fdbk.o
                0x000000000800781c                R3_2_CurrentReadingPolarization
 .text.R3_2_SetADCSampPointSectX
                0x0000000008007948       0x7c ./Middlewares/MotorControl/r3_2_f30x_pwm_curr_fdbk.o
                0x0000000008007948                R3_2_SetADCSampPointSectX
 .text.R3_2_TIMx_UP_IRQHandler
                0x00000000080079c4       0x90 ./Middlewares/MotorControl/r3_2_f30x_pwm_curr_fdbk.o
                0x00000000080079c4                R3_2_TIMx_UP_IRQHandler
 .text.R3_2_RLDetectionModeEnable
                0x0000000008007a54       0xd0 ./Middlewares/MotorControl/r3_2_f30x_pwm_curr_fdbk.o
                0x0000000008007a54                R3_2_RLDetectionModeEnable
 .text.R3_2_RLDetectionModeDisable
                0x0000000008007b24       0xf0 ./Middlewares/MotorControl/r3_2_f30x_pwm_curr_fdbk.o
                0x0000000008007b24                R3_2_RLDetectionModeDisable
 .text.R3_2_RLDetectionModeSetDuty
                0x0000000008007c14       0x48 ./Middlewares/MotorControl/r3_2_f30x_pwm_curr_fdbk.o
                0x0000000008007c14                R3_2_RLDetectionModeSetDuty
 .text.R3_2_RLTurnOnLowSidesAndStart
                0x0000000008007c5c       0x9c ./Middlewares/MotorControl/r3_2_f30x_pwm_curr_fdbk.o
                0x0000000008007c5c                R3_2_RLTurnOnLowSidesAndStart
 .text.RVBS_Init
                0x0000000008007cf8        0xc ./Middlewares/MotorControl/r_divider_bus_voltage_sensor.o
                0x0000000008007cf8                RVBS_Init
 .text.RVBS_CalcAvVbus
                0x0000000008007d04       0x78 ./Middlewares/MotorControl/r_divider_bus_voltage_sensor.o
                0x0000000008007d04                RVBS_CalcAvVbus
 .text.REMNG_Init
                0x0000000008007d7c       0x10 ./Middlewares/MotorControl/ramp_ext_mngr.o
                0x0000000008007d7c                REMNG_Init
 .text.SPD_GetMecAngle
                0x0000000008007d8c        0x4 ./Middlewares/MotorControl/speed_pos_fdbk.o
                0x0000000008007d8c                SPD_GetMecAngle
 .text.SPD_GetAvrgMecSpeedUnit
                0x0000000008007d90        0x8 ./Middlewares/MotorControl/speed_pos_fdbk.o
                0x0000000008007d90                SPD_GetAvrgMecSpeedUnit
 .text.SPD_IsMecSpeedReliable
                0x0000000008007d98       0x58 ./Middlewares/MotorControl/speed_pos_fdbk.o
                0x0000000008007d98                SPD_IsMecSpeedReliable
 .text.SPD_GetS16Speed
                0x0000000008007df0        0x8 ./Middlewares/MotorControl/speed_pos_fdbk.o
                0x0000000008007df0                SPD_GetS16Speed
 .text.TC_Init  0x0000000008007df8       0x40 ./Middlewares/MotorControl/trajectory_ctrl.o
                0x0000000008007df8                TC_Init
 .text.TC_MoveCommand
                0x0000000008007e38       0xe4 ./Middlewares/MotorControl/trajectory_ctrl.o
                0x0000000008007e38                TC_MoveCommand
 .text.TC_FollowCommand
                0x0000000008007f1c       0x8c ./Middlewares/MotorControl/trajectory_ctrl.o
                0x0000000008007f1c                TC_FollowCommand
 .text.TC_MoveExecution
                0x0000000008007fa8      0x11c ./Middlewares/MotorControl/trajectory_ctrl.o
                0x0000000008007fa8                TC_MoveExecution
 .text.TC_PositionRegulation
                0x00000000080080c4       0x88 ./Middlewares/MotorControl/trajectory_ctrl.o
                0x00000000080080c4                TC_PositionRegulation
 .text.TC_EncAlignmentCommand
                0x000000000800814c      0x13c ./Middlewares/MotorControl/trajectory_ctrl.o
                0x000000000800814c                TC_EncAlignmentCommand
 .text.TC_GetCurrentPosition
                0x0000000008008288       0x20 ./Middlewares/MotorControl/trajectory_ctrl.o
                0x0000000008008288                TC_GetCurrentPosition
 .text.TC_GetTargetPosition
                0x00000000080082a8        0x8 ./Middlewares/MotorControl/trajectory_ctrl.o
                0x00000000080082a8                TC_GetTargetPosition
 .text.TC_GetMoveDuration
                0x00000000080082b0        0x8 ./Middlewares/MotorControl/trajectory_ctrl.o
                0x00000000080082b0                TC_GetMoveDuration
 .text.TC_GetControlPositionStatus
                0x00000000080082b8        0x8 ./Middlewares/MotorControl/trajectory_ctrl.o
                0x00000000080082b8                TC_GetControlPositionStatus
 .text.TC_GetAlignmentStatus
                0x00000000080082c0        0x8 ./Middlewares/MotorControl/trajectory_ctrl.o
                0x00000000080082c0                TC_GetAlignmentStatus
 .text.TC_IncTick
                0x00000000080082c8        0x8 ./Middlewares/MotorControl/trajectory_ctrl.o
                0x00000000080082c8                TC_IncTick
 .text.VSS_Clear
                0x00000000080082d0       0x1c ./Middlewares/MotorControl/virtual_speed_sensor.o
                0x00000000080082d0                VSS_Clear
 .text.VSS_Init
                0x00000000080082ec        0x8 ./Middlewares/MotorControl/virtual_speed_sensor.o
                0x00000000080082ec                VSS_Init
 .text.VSS_SetMecAcceleration
                0x00000000080082f4       0x88 ./Middlewares/MotorControl/virtual_speed_sensor.o
                0x00000000080082f4                VSS_SetMecAcceleration
 .text.__libc_init_array
                0x000000000800837c       0x48 d:/st/stm32cubeide_1.7.0/stm32cubeide/plugins/com.st.stm32cube.ide.mcu.externaltools.gnu-tools-for-stm32.9-2020-q2-update.win32_2.0.0.202105311346/tools/bin/../lib/gcc/arm-none-eabi/9.3.1/../../../../arm-none-eabi/lib/thumb/v7e-m+fp/hard\libc_nano.a(lib_a-init.o)
                0x000000000800837c                __libc_init_array
 .text.memcpy   0x00000000080083c4       0x1c d:/st/stm32cubeide_1.7.0/stm32cubeide/plugins/com.st.stm32cube.ide.mcu.externaltools.gnu-tools-for-stm32.9-2020-q2-update.win32_2.0.0.202105311346/tools/bin/../lib/gcc/arm-none-eabi/9.3.1/../../../../arm-none-eabi/lib/thumb/v7e-m+fp/hard\libc_nano.a(lib_a-memcpy-stub.o)
                0x00000000080083c4                memcpy
 .text.memset   0x00000000080083e0       0x10 d:/st/stm32cubeide_1.7.0/stm32cubeide/plugins/com.st.stm32cube.ide.mcu.externaltools.gnu-tools-for-stm32.9-2020-q2-update.win32_2.0.0.202105311346/tools/bin/../lib/gcc/arm-none-eabi/9.3.1/../../../../arm-none-eabi/lib/thumb/v7e-m+fp/hard\libc_nano.a(lib_a-memset.o)
                0x00000000080083e0                memset
 *(.glue_7)
 .glue_7        0x00000000080083f0        0x0 linker stubs
 *(.glue_7t)
 .glue_7t       0x00000000080083f0        0x0 linker stubs
 *(.eh_frame)
 .eh_frame      0x00000000080083f0        0x0 d:/st/stm32cubeide_1.7.0/stm32cubeide/plugins/com.st.stm32cube.ide.mcu.externaltools.gnu-tools-for-stm32.9-2020-q2-update.win32_2.0.0.202105311346/tools/bin/../lib/gcc/arm-none-eabi/9.3.1/thumb/v7e-m+fp/hard/crtbegin.o
 *(.init)
 .init          0x00000000080083f0        0x4 d:/st/stm32cubeide_1.7.0/stm32cubeide/plugins/com.st.stm32cube.ide.mcu.externaltools.gnu-tools-for-stm32.9-2020-q2-update.win32_2.0.0.202105311346/tools/bin/../lib/gcc/arm-none-eabi/9.3.1/thumb/v7e-m+fp/hard/crti.o
                0x00000000080083f0                _init
 .init          0x00000000080083f4        0x8 d:/st/stm32cubeide_1.7.0/stm32cubeide/plugins/com.st.stm32cube.ide.mcu.externaltools.gnu-tools-for-stm32.9-2020-q2-update.win32_2.0.0.202105311346/tools/bin/../lib/gcc/arm-none-eabi/9.3.1/thumb/v7e-m+fp/hard/crtn.o
 *(.fini)
 .fini          0x00000000080083fc        0x4 d:/st/stm32cubeide_1.7.0/stm32cubeide/plugins/com.st.stm32cube.ide.mcu.externaltools.gnu-tools-for-stm32.9-2020-q2-update.win32_2.0.0.202105311346/tools/bin/../lib/gcc/arm-none-eabi/9.3.1/thumb/v7e-m+fp/hard/crti.o
                0x00000000080083fc                _fini
 .fini          0x0000000008008400        0x8 d:/st/stm32cubeide_1.7.0/stm32cubeide/plugins/com.st.stm32cube.ide.mcu.externaltools.gnu-tools-for-stm32.9-2020-q2-update.win32_2.0.0.202105311346/tools/bin/../lib/gcc/arm-none-eabi/9.3.1/thumb/v7e-m+fp/hard/crtn.o
                0x0000000008008408                . = ALIGN (0x4)
                0x0000000008008408                _etext = .

.vfp11_veneer   0x0000000008008408        0x0
 .vfp11_veneer  0x0000000008008408        0x0 linker stubs

.v4_bx          0x0000000008008408        0x0
 .v4_bx         0x0000000008008408        0x0 linker stubs

.iplt           0x0000000008008408        0x0
 .iplt          0x0000000008008408        0x0 d:/st/stm32cubeide_1.7.0/stm32cubeide/plugins/com.st.stm32cube.ide.mcu.externaltools.gnu-tools-for-stm32.9-2020-q2-update.win32_2.0.0.202105311346/tools/bin/../lib/gcc/arm-none-eabi/9.3.1/thumb/v7e-m+fp/hard/crtbegin.o

.rodata         0x0000000008008408      0x494
                0x0000000008008408                . = ALIGN (0x4)
 *(.rodata)
 *(.rodata*)
 .rodata.CRC4_Lookup4
                0x0000000008008408       0x10 ./Application/User/aspep.o
 .rodata.CRC4_Lookup8
                0x0000000008008418      0x100 ./Application/User/aspep.o
 .rodata.CSWTCH.1
                0x0000000008008518       0x11 ./Application/User/hf_registers.o
 *fill*         0x0000000008008529        0x3 
 .rodata.CTL_BOARD
                0x000000000800852c        0xe ./Application/User/mc_configuration_registers.o
                0x000000000800852c                CTL_BOARD
 *fill*         0x000000000800853a        0x2 
 .rodata.FIRMWARE_NAME
                0x000000000800853c       0x14 ./Application/User/mc_configuration_registers.o
                0x000000000800853c                FIRMWARE_NAME
 .rodata.M1_ApplicationConfig_reg
                0x0000000008008550       0x10 ./Application/User/mc_configuration_registers.o
 .rodata.M1_FOCConfig_reg
                0x0000000008008560        0xe ./Application/User/mc_configuration_registers.o
 *fill*         0x000000000800856e        0x2 
 .rodata.M1_MotorConfig_reg
                0x0000000008008570       0x3c ./Application/User/mc_configuration_registers.o
 .rodata.M1_PWR_BOARD
                0x00000000080085ac       0x11 ./Application/User/mc_configuration_registers.o
 *fill*         0x00000000080085bd        0x3 
 .rodata.globalConfig_reg
                0x00000000080085c0        0xa ./Application/User/mc_configuration_registers.o
                0x00000000080085c0                globalConfig_reg
 *fill*         0x00000000080085ca        0x2 
 .rodata.hSin_Cos_Table
                0x00000000080085cc      0x200 ./Application/User/mc_math.o
                0x00000000080085cc                hSin_Cos_Table
 .rodata.R3_2_ParamsM1
                0x00000000080087cc       0x8c ./Application/User/mc_parameters.o
                0x00000000080087cc                R3_2_ParamsM1
 .rodata.CHANNEL_OFFSET_TAB
                0x0000000008008858        0x7 ./Application/User/usart_aspep_driver.o
 *fill*         0x000000000800885f        0x1 
 .rodata.AHBPrescTable
                0x0000000008008860       0x10 ./Drivers/CMSIS/system_stm32f3xx.o
                0x0000000008008860                AHBPrescTable
 .rodata.APBPrescTable
                0x0000000008008870        0x8 ./Drivers/CMSIS/system_stm32f3xx.o
                0x0000000008008870                APBPrescTable
 .rodata.aPLLMULFactorTable
                0x0000000008008878       0x10 ./Drivers/STM32F3xx_HAL_Driver/stm32f3xx_hal_rcc.o
 .rodata.aPredivFactorTable
                0x0000000008008888       0x10 ./Drivers/STM32F3xx_HAL_Driver/stm32f3xx_hal_rcc.o
 .rodata.CSWTCH.53
                0x0000000008008898        0x3 ./Drivers/STM32F3xx_HAL_Driver/stm32f3xx_hal_uart.o
                0x000000000800889c                . = ALIGN (0x4)
 *fill*         0x000000000800889b        0x1 

.rel.dyn        0x000000000800889c        0x0
 .rel.iplt      0x000000000800889c        0x0 d:/st/stm32cubeide_1.7.0/stm32cubeide/plugins/com.st.stm32cube.ide.mcu.externaltools.gnu-tools-for-stm32.9-2020-q2-update.win32_2.0.0.202105311346/tools/bin/../lib/gcc/arm-none-eabi/9.3.1/thumb/v7e-m+fp/hard/crtbegin.o

.ARM.extab      0x000000000800889c        0x0
                0x000000000800889c                . = ALIGN (0x4)
 *(.ARM.extab* .gnu.linkonce.armextab.*)
                0x000000000800889c                . = ALIGN (0x4)

.ARM            0x000000000800889c        0x0
                0x000000000800889c                . = ALIGN (0x4)
                0x000000000800889c                __exidx_start = .
 *(.ARM.exidx*)
                0x000000000800889c                __exidx_end = .
                0x000000000800889c                . = ALIGN (0x4)

.preinit_array  0x000000000800889c        0x0
                0x000000000800889c                . = ALIGN (0x4)
                0x000000000800889c                PROVIDE (__preinit_array_start = .)
 *(.preinit_array*)
                0x000000000800889c                PROVIDE (__preinit_array_end = .)
                0x000000000800889c                . = ALIGN (0x4)

.init_array     0x000000000800889c        0x4
                0x000000000800889c                . = ALIGN (0x4)
                0x000000000800889c                PROVIDE (__init_array_start = .)
 *(SORT_BY_NAME(.init_array.*))
 *(.init_array*)
 .init_array    0x000000000800889c        0x4 d:/st/stm32cubeide_1.7.0/stm32cubeide/plugins/com.st.stm32cube.ide.mcu.externaltools.gnu-tools-for-stm32.9-2020-q2-update.win32_2.0.0.202105311346/tools/bin/../lib/gcc/arm-none-eabi/9.3.1/thumb/v7e-m+fp/hard/crtbegin.o
                0x00000000080088a0                PROVIDE (__init_array_end = .)
                0x00000000080088a0                . = ALIGN (0x4)

.fini_array     0x00000000080088a0        0x4
                0x00000000080088a0                . = ALIGN (0x4)
                [!provide]                        PROVIDE (__fini_array_start = .)
 *(SORT_BY_NAME(.fini_array.*))
 *(.fini_array*)
 .fini_array    0x00000000080088a0        0x4 d:/st/stm32cubeide_1.7.0/stm32cubeide/plugins/com.st.stm32cube.ide.mcu.externaltools.gnu-tools-for-stm32.9-2020-q2-update.win32_2.0.0.202105311346/tools/bin/../lib/gcc/arm-none-eabi/9.3.1/thumb/v7e-m+fp/hard/crtbegin.o
                [!provide]                        PROVIDE (__fini_array_end = .)
                0x00000000080088a4                . = ALIGN (0x4)
                0x00000000080088a4                _sidata = LOADADDR (.data)

.data           0x0000000020000000      0x470 load address 0x00000000080088a4
                0x0000000020000000                . = ALIGN (0x4)
                0x0000000020000000                _sdata = .
 *(.data)
 *(.data*)
 .data.CircleLimitationM1
                0x0000000020000000        0x4 ./Application/User/mc_config.o
                0x0000000020000000                CircleLimitationM1
 .data.Mci      0x0000000020000004       0x2c ./Application/User/mc_config.o
                0x0000000020000004                Mci
 .data.PIDIdHandle_M1
                0x0000000020000030       0x2c ./Application/User/mc_config.o
                0x0000000020000030                PIDIdHandle_M1
 .data.PIDIqHandle_M1
                0x000000002000005c       0x2c ./Application/User/mc_config.o
                0x000000002000005c                PIDIqHandle_M1
 .data.PIDSpeedHandle_M1
                0x0000000020000088       0x2c ./Application/User/mc_config.o
                0x0000000020000088                PIDSpeedHandle_M1
 .data.PID_PosParamsM1
                0x00000000200000b4       0x2c ./Application/User/mc_config.o
                0x00000000200000b4                PID_PosParamsM1
 .data.PQD_MotorPowMeasM1
                0x00000000200000e0       0x10 ./Application/User/mc_config.o
                0x00000000200000e0                PQD_MotorPowMeasM1
 .data.PWM_Handle_M1
                0x00000000200000f0       0xa0 ./Application/User/mc_config.o
                0x00000000200000f0                PWM_Handle_M1
 .data.PosCtrlM1
                0x0000000020000190       0x70 ./Application/User/mc_config.o
                0x0000000020000190                PosCtrlM1
 .data.RampExtMngrHFParamsM1
                0x0000000020000200       0x18 ./Application/User/mc_config.o
                0x0000000020000200                RampExtMngrHFParamsM1
 .data.SpeednTorqCtrlM1
                0x0000000020000218       0x38 ./Application/User/mc_config.o
                0x0000000020000218                SpeednTorqCtrlM1
 .data.pMPM     0x0000000020000250        0x4 ./Application/User/mc_config.o
                0x0000000020000250                pMPM
 .data.pPIDId   0x0000000020000254        0x4 ./Application/User/mc_config.o
                0x0000000020000254                pPIDId
 .data.pPIDIq   0x0000000020000258        0x4 ./Application/User/mc_config.o
                0x0000000020000258                pPIDIq
 .data.pPosCtrl
                0x000000002000025c        0x4 ./Application/User/mc_config.o
                0x000000002000025c                pPosCtrl
 .data.pSTC     0x0000000020000260        0x4 ./Application/User/mc_config.o
                0x0000000020000260                pSTC
 .data.BusVoltageSensor_M1
                0x0000000020000264       0x12 ./Application/User/mc_config_common.o
                0x0000000020000264                BusVoltageSensor_M1
 *fill*         0x0000000020000276        0x2 
 .data.ENCODER_M1
                0x0000000020000278       0x88 ./Application/User/mc_config_common.o
                0x0000000020000278                ENCODER_M1
 .data.EncAlignCtrlM1
                0x0000000020000300       0x1c ./Application/User/mc_config_common.o
                0x0000000020000300                EncAlignCtrlM1
 .data.TempSensor_M1
                0x000000002000031c       0x18 ./Application/User/mc_config_common.o
                0x000000002000031c                TempSensor_M1
 .data.VbusRegConv_M1
                0x0000000020000334       0x10 ./Application/User/mc_config_common.o
                0x0000000020000334                VbusRegConv_M1
 .data.VirtualSpeedSensorM1
                0x0000000020000344       0x38 ./Application/User/mc_config_common.o
                0x0000000020000344                VirtualSpeedSensorM1
 .data.ApplicationConfig_reg
                0x000000002000037c        0x4 ./Application/User/mc_configuration_registers.o
                0x000000002000037c                ApplicationConfig_reg
 .data.FOCConfig_reg
                0x0000000020000380        0x4 ./Application/User/mc_configuration_registers.o
                0x0000000020000380                FOCConfig_reg
 .data.MotorConfig_reg
                0x0000000020000384        0x4 ./Application/User/mc_configuration_registers.o
                0x0000000020000384                MotorConfig_reg
 .data.PWR_BOARD_NAME
                0x0000000020000388        0x4 ./Application/User/mc_configuration_registers.o
                0x0000000020000388                PWR_BOARD_NAME
 .data.scaleParams_M1
                0x000000002000038c       0x10 ./Application/User/mc_parameters.o
                0x000000002000038c                scaleParams_M1
 .data.MCPA_UART_A
                0x000000002000039c       0x2c ./Application/User/mcp_config.o
                0x000000002000039c                MCPA_UART_A
 .data.MCP_Over_UartA
                0x00000000200003c8       0x10 ./Application/User/mcp_config.o
                0x00000000200003c8                MCP_Over_UartA
 .data.UASPEP_A
                0x00000000200003d8       0x14 ./Application/User/mcp_config.o
 .data.aspepOverUartA
                0x00000000200003ec       0x74 ./Application/User/mcp_config.o
                0x00000000200003ec                aspepOverUartA
 .data.SystickDividerCounter.14556
                0x0000000020000460        0x1 ./Application/User/stm32_mc_common_it.o
 *fill*         0x0000000020000461        0x3 
 .data.SystemCoreClock
                0x0000000020000464        0x4 ./Drivers/CMSIS/system_stm32f3xx.o
                0x0000000020000464                SystemCoreClock
 .data.uwTickFreq
                0x0000000020000468        0x1 ./Drivers/STM32F3xx_HAL_Driver/stm32f3xx_hal.o
                0x0000000020000468                uwTickFreq
 *fill*         0x0000000020000469        0x3 
 .data.uwTickPrio
                0x000000002000046c        0x4 ./Drivers/STM32F3xx_HAL_Driver/stm32f3xx_hal.o
                0x000000002000046c                uwTickPrio
 *(.RamFunc)
 *(.RamFunc*)
                0x0000000020000470                . = ALIGN (0x4)
                0x0000000020000470                _edata = .
                0x0000000008008d14                _siccmram = LOADADDR (.ccmram)

.igot.plt       0x0000000020000470        0x0 load address 0x0000000008008d14
 .igot.plt      0x0000000020000470        0x0 d:/st/stm32cubeide_1.7.0/stm32cubeide/plugins/com.st.stm32cube.ide.mcu.externaltools.gnu-tools-for-stm32.9-2020-q2-update.win32_2.0.0.202105311346/tools/bin/../lib/gcc/arm-none-eabi/9.3.1/thumb/v7e-m+fp/hard/crtbegin.o

.ccmram         0x0000000010000000        0x0 load address 0x0000000008008d14
                0x0000000010000000                . = ALIGN (0x4)
                0x0000000010000000                _sccmram = .
 *(.ccmram)
 *(.ccmram*)
                0x0000000010000000                . = ALIGN (0x4)
                0x0000000010000000                _eccmram = .
                0x0000000010000000                . = ALIGN (0x4)

.bss            0x0000000020000470     0x144c
                0x0000000020000470                _sbss = .
                0x0000000020000470                __bss_start__ = _sbss
 *(.bss)
 .bss           0x0000000020000470       0x1c d:/st/stm32cubeide_1.7.0/stm32cubeide/plugins/com.st.stm32cube.ide.mcu.externaltools.gnu-tools-for-stm32.9-2020-q2-update.win32_2.0.0.202105311346/tools/bin/../lib/gcc/arm-none-eabi/9.3.1/thumb/v7e-m+fp/hard/crtbegin.o
 *(.bss*)
 .bss.nullData16.14110
                0x000000002000048c        0x2 ./Application/User/hf_registers.o
 .bss.bMCBootCompleted
                0x000000002000048e        0x1 ./Application/User/mc_tasks.o
 *fill*         0x000000002000048f        0x1 
 .bss.hBootCapDelayCounterM1
                0x0000000020000490        0x2 ./Application/User/mc_tasks.o
 .bss.hMFTaskCounterM1
                0x0000000020000492        0x2 ./Application/User/mc_tasks.o
 .bss.hStopPermanencyCounterM1
                0x0000000020000494        0x2 ./Application/User/mc_tasks.o
 *fill*         0x0000000020000496        0x2 
 .bss.MCPAsyncBuffUARTA_A
                0x0000000020000498      0x806 ./Application/User/mcp_config.o
 *fill*         0x0000000020000c9e        0x2 
 .bss.MCPAsyncBuffUARTA_B
                0x0000000020000ca0      0x806 ./Application/User/mcp_config.o
 *fill*         0x00000000200014a6        0x2 
 .bss.MCPSyncRXBuff
                0x00000000200014a8       0x82 ./Application/User/mcp_config.o
 *fill*         0x000000002000152a        0x2 
 .bss.MCPSyncTxBuff
                0x000000002000152c       0x86 ./Application/User/mcp_config.o
 *fill*         0x00000000200015b2        0x2 
 .bss.dataPtrTableA
                0x00000000200015b4       0x28 ./Application/User/mcp_config.o
 .bss.dataPtrTableBuffA
                0x00000000200015dc       0x28 ./Application/User/mcp_config.o
 .bss.dataSizeTableA
                0x0000000020001604        0xa ./Application/User/mcp_config.o
 *fill*         0x000000002000160e        0x2 
 .bss.dataSizeTableBuffA
                0x0000000020001610        0xa ./Application/User/mcp_config.o
 .bss.RCM_array_index
                0x000000002000161a        0x1 ./Application/User/regular_conversion_manager.o
 .bss.RCM_conversion_nb
                0x000000002000161b        0x1 ./Application/User/regular_conversion_manager.o
 .bss.RCM_handle_array
                0x000000002000161c       0x10 ./Application/User/regular_conversion_manager.o
 .bss.HAL_RCC_ADC12_CLK_ENABLED
                0x000000002000162c        0x4 ./Application/User/stm32f3xx_hal_msp.o
 .bss.GLOBAL_TIMESTAMP
                0x0000000020001630        0x4 ./Middlewares/MotorControl/mcpa.o
                0x0000000020001630                GLOBAL_TIMESTAMP
 *(COMMON)
 COMMON         0x0000000020001634      0x248 ./Application/User/main.o
                0x0000000020001634                hdma_usart2_rx
                0x0000000020001678                hadc2
                0x00000000200016c8                hadc1
                0x0000000020001718                hdma_usart2_tx
                0x000000002000175c                htim1
                0x00000000200017a8                htim2
                0x00000000200017f4                huart2
 COMMON         0x000000002000187c       0x28 ./Application/User/mc_config.o
                0x000000002000187c                FOCVars
                0x00000000200018a0                pREMNG
 COMMON         0x00000000200018a4        0x8 ./Application/User/mc_config_common.o
                0x00000000200018a4                pwmcHandle
                0x00000000200018a8                pEAC
 COMMON         0x00000000200018ac        0x8 ./Application/User/mcp_config.o
                0x00000000200018ac                MCP_UserCallBack
 COMMON         0x00000000200018b4        0x4 ./Application/User/motorcontrol.o
                0x00000000200018b4                pMCI
 COMMON         0x00000000200018b8        0x4 ./Drivers/STM32F3xx_HAL_Driver/stm32f3xx_hal.o
                0x00000000200018b8                uwTick
                0x00000000200018bc                . = ALIGN (0x4)
                0x00000000200018bc                _ebss = .
                0x00000000200018bc                __bss_end__ = _ebss

._user_heap_stack
                0x00000000200018bc      0x604
                0x00000000200018c0                . = ALIGN (0x8)
 *fill*         0x00000000200018bc        0x4 
                [!provide]                        PROVIDE (end = .)
                0x00000000200018c0                PROVIDE (_end = .)
                0x0000000020001ac0                . = (. + _Min_Heap_Size)
 *fill*         0x00000000200018c0      0x200 
                0x0000000020001ec0                . = (. + _Min_Stack_Size)
 *fill*         0x0000000020001ac0      0x400 
                0x0000000020001ec0                . = ALIGN (0x8)

/DISCARD/
 libc.a(*)
 libm.a(*)
 libgcc.a(*)

.ARM.attributes
                0x0000000000000000       0x30
 *(.ARM.attributes)
 .ARM.attributes
                0x0000000000000000       0x1e d:/st/stm32cubeide_1.7.0/stm32cubeide/plugins/com.st.stm32cube.ide.mcu.externaltools.gnu-tools-for-stm32.9-2020-q2-update.win32_2.0.0.202105311346/tools/bin/../lib/gcc/arm-none-eabi/9.3.1/thumb/v7e-m+fp/hard/crti.o
 .ARM.attributes
                0x000000000000001e       0x34 d:/st/stm32cubeide_1.7.0/stm32cubeide/plugins/com.st.stm32cube.ide.mcu.externaltools.gnu-tools-for-stm32.9-2020-q2-update.win32_2.0.0.202105311346/tools/bin/../lib/gcc/arm-none-eabi/9.3.1/thumb/v7e-m+fp/hard/crtbegin.o
 .ARM.attributes
                0x0000000000000052       0x21 ./Application/Startup/startup_stm32f303retx.o
 .ARM.attributes
                0x0000000000000073       0x30 ./Application/User/aspep.o
 .ARM.attributes
                0x00000000000000a3       0x30 ./Application/User/hf_registers.o
 .ARM.attributes
                0x00000000000000d3       0x30 ./Application/User/main.o
 .ARM.attributes
                0x0000000000000103       0x30 ./Application/User/mc_api.o
 .ARM.attributes
                0x0000000000000133       0x30 ./Application/User/mc_app_hooks.o
 .ARM.attributes
                0x0000000000000163       0x35 ./Application/User/mc_config.o
 .ARM.attributes
                0x0000000000000198       0x35 ./Application/User/mc_config_common.o
 .ARM.attributes
                0x00000000000001cd       0x35 ./Application/User/mc_configuration_registers.o
 .ARM.attributes
                0x0000000000000202       0x30 ./Application/User/mc_interface.o
 .ARM.attributes
                0x0000000000000232       0x30 ./Application/User/mc_math.o
 .ARM.attributes
                0x0000000000000262       0x35 ./Application/User/mc_parameters.o
 .ARM.attributes
                0x0000000000000297       0x30 ./Application/User/mc_tasks.o
 .ARM.attributes
                0x00000000000002c7       0x30 ./Application/User/mc_tasks_foc.o
 .ARM.attributes
                0x00000000000002f7       0x30 ./Application/User/mcp.o
 .ARM.attributes
                0x0000000000000327       0x35 ./Application/User/mcp_config.o
 .ARM.attributes
                0x000000000000035c       0x30 ./Application/User/motorcontrol.o
 .ARM.attributes
                0x000000000000038c       0x30 ./Application/User/pwm_common.o
 .ARM.attributes
                0x00000000000003bc       0x30 ./Application/User/pwm_curr_fdbk.o
 .ARM.attributes
                0x00000000000003ec       0x30 ./Application/User/regular_conversion_manager.o
 .ARM.attributes
                0x000000000000041c       0x30 ./Application/User/speed_torq_ctrl.o
 .ARM.attributes
                0x000000000000044c       0x30 ./Application/User/stm32_mc_common_it.o
 .ARM.attributes
                0x000000000000047c       0x30 ./Application/User/stm32f30x_mc_it.o
 .ARM.attributes
                0x00000000000004ac       0x30 ./Application/User/stm32f3xx_hal_msp.o
 .ARM.attributes
                0x00000000000004dc       0x30 ./Application/User/sync_registers.o
 .ARM.attributes
                0x000000000000050c       0x30 ./Application/User/usart_aspep_driver.o
 .ARM.attributes
                0x000000000000053c       0x30 ./Drivers/CMSIS/system_stm32f3xx.o
 .ARM.attributes
                0x000000000000056c       0x30 ./Drivers/STM32F3xx_HAL_Driver/stm32f3xx_hal.o
 .ARM.attributes
                0x000000000000059c       0x30 ./Drivers/STM32F3xx_HAL_Driver/stm32f3xx_hal_adc_ex.o
 .ARM.attributes
                0x00000000000005cc       0x30 ./Drivers/STM32F3xx_HAL_Driver/stm32f3xx_hal_cortex.o
 .ARM.attributes
                0x00000000000005fc       0x30 ./Drivers/STM32F3xx_HAL_Driver/stm32f3xx_hal_dma.o
 .ARM.attributes
                0x000000000000062c       0x30 ./Drivers/STM32F3xx_HAL_Driver/stm32f3xx_hal_gpio.o
 .ARM.attributes
                0x000000000000065c       0x30 ./Drivers/STM32F3xx_HAL_Driver/stm32f3xx_hal_rcc.o
 .ARM.attributes
                0x000000000000068c       0x30 ./Drivers/STM32F3xx_HAL_Driver/stm32f3xx_hal_rcc_ex.o
 .ARM.attributes
                0x00000000000006bc       0x30 ./Drivers/STM32F3xx_HAL_Driver/stm32f3xx_hal_tim.o
 .ARM.attributes
                0x00000000000006ec       0x30 ./Drivers/STM32F3xx_HAL_Driver/stm32f3xx_hal_tim_ex.o
 .ARM.attributes
                0x000000000000071c       0x30 ./Drivers/STM32F3xx_HAL_Driver/stm32f3xx_hal_uart.o
 .ARM.attributes
                0x000000000000074c       0x30 ./Middlewares/MotorControl/bus_voltage_sensor.o
 .ARM.attributes
                0x000000000000077c       0x30 ./Middlewares/MotorControl/circle_limitation.o
 .ARM.attributes
                0x00000000000007ac       0x30 ./Middlewares/MotorControl/enc_align_ctrl.o
 .ARM.attributes
                0x00000000000007dc       0x30 ./Middlewares/MotorControl/encoder_speed_pos_fdbk.o
 .ARM.attributes
                0x000000000000080c       0x30 ./Middlewares/MotorControl/mcpa.o
 .ARM.attributes
                0x000000000000083c       0x30 ./Middlewares/MotorControl/ntc_temperature_sensor.o
 .ARM.attributes
                0x000000000000086c       0x30 ./Middlewares/MotorControl/pid_regulator.o
 .ARM.attributes
                0x000000000000089c       0x30 ./Middlewares/MotorControl/pqd_motor_power_measurement.o
 .ARM.attributes
                0x00000000000008cc       0x30 ./Middlewares/MotorControl/r3_2_f30x_pwm_curr_fdbk.o
 .ARM.attributes
                0x00000000000008fc       0x30 ./Middlewares/MotorControl/r_divider_bus_voltage_sensor.o
 .ARM.attributes
                0x000000000000092c       0x30 ./Middlewares/MotorControl/ramp_ext_mngr.o
 .ARM.attributes
                0x000000000000095c       0x30 ./Middlewares/MotorControl/speed_pos_fdbk.o
 .ARM.attributes
                0x000000000000098c       0x30 ./Middlewares/MotorControl/trajectory_ctrl.o
 .ARM.attributes
                0x00000000000009bc       0x30 ./Middlewares/MotorControl/virtual_speed_sensor.o
 .ARM.attributes
                0x00000000000009ec       0x34 d:/st/stm32cubeide_1.7.0/stm32cubeide/plugins/com.st.stm32cube.ide.mcu.externaltools.gnu-tools-for-stm32.9-2020-q2-update.win32_2.0.0.202105311346/tools/bin/../lib/gcc/arm-none-eabi/9.3.1/../../../../arm-none-eabi/lib/thumb/v7e-m+fp/hard\libc_nano.a(lib_a-init.o)
 .ARM.attributes
                0x0000000000000a20       0x34 d:/st/stm32cubeide_1.7.0/stm32cubeide/plugins/com.st.stm32cube.ide.mcu.externaltools.gnu-tools-for-stm32.9-2020-q2-update.win32_2.0.0.202105311346/tools/bin/../lib/gcc/arm-none-eabi/9.3.1/../../../../arm-none-eabi/lib/thumb/v7e-m+fp/hard\libc_nano.a(lib_a-memcpy-stub.o)
 .ARM.attributes
                0x0000000000000a54       0x34 d:/st/stm32cubeide_1.7.0/stm32cubeide/plugins/com.st.stm32cube.ide.mcu.externaltools.gnu-tools-for-stm32.9-2020-q2-update.win32_2.0.0.202105311346/tools/bin/../lib/gcc/arm-none-eabi/9.3.1/../../../../arm-none-eabi/lib/thumb/v7e-m+fp/hard\libc_nano.a(lib_a-memset.o)
 .ARM.attributes
                0x0000000000000a88       0x1e d:/st/stm32cubeide_1.7.0/stm32cubeide/plugins/com.st.stm32cube.ide.mcu.externaltools.gnu-tools-for-stm32.9-2020-q2-update.win32_2.0.0.202105311346/tools/bin/../lib/gcc/arm-none-eabi/9.3.1/thumb/v7e-m+fp/hard/crtn.o
OUTPUT(testproj_02.elf elf32-littlearm)
LOAD linker stubs
LOAD d:/st/stm32cubeide_1.7.0/stm32cubeide/plugins/com.st.stm32cube.ide.mcu.externaltools.gnu-tools-for-stm32.9-2020-q2-update.win32_2.0.0.202105311346/tools/bin/../lib/gcc/arm-none-eabi/9.3.1/../../../../arm-none-eabi/lib/thumb/v7e-m+fp/hard\libc.a
LOAD d:/st/stm32cubeide_1.7.0/stm32cubeide/plugins/com.st.stm32cube.ide.mcu.externaltools.gnu-tools-for-stm32.9-2020-q2-update.win32_2.0.0.202105311346/tools/bin/../lib/gcc/arm-none-eabi/9.3.1/../../../../arm-none-eabi/lib/thumb/v7e-m+fp/hard\libm.a
LOAD d:/st/stm32cubeide_1.7.0/stm32cubeide/plugins/com.st.stm32cube.ide.mcu.externaltools.gnu-tools-for-stm32.9-2020-q2-update.win32_2.0.0.202105311346/tools/bin/../lib/gcc/arm-none-eabi/9.3.1/thumb/v7e-m+fp/hard\libgcc.a

.debug_line     0x0000000000000000    0x3e0c0
 .debug_line    0x0000000000000000       0x8f ./Application/Startup/startup_stm32f303retx.o
 .debug_line    0x000000000000008f     0x15f3 ./Application/User/aspep.o
 .debug_line    0x0000000000001682      0xd77 ./Application/User/hf_registers.o
 .debug_line    0x00000000000023f9     0x1574 ./Application/User/main.o
 .debug_line    0x000000000000396d     0x110e ./Application/User/mc_api.o
 .debug_line    0x0000000000004a7b      0x8ac ./Application/User/mc_app_hooks.o
 .debug_line    0x0000000000005327      0xbf1 ./Application/User/mc_config.o
 .debug_line    0x0000000000005f18      0xbf8 ./Application/User/mc_config_common.o
 .debug_line    0x0000000000006b10      0xac4 ./Application/User/mc_configuration_registers.o
 .debug_line    0x00000000000075d4     0x18fc ./Application/User/mc_interface.o
 .debug_line    0x0000000000008ed0      0xbcf ./Application/User/mc_math.o
 .debug_line    0x0000000000009a9f      0xbe2 ./Application/User/mc_parameters.o
 .debug_line    0x000000000000a681     0x11a2 ./Application/User/mc_tasks.o
 .debug_line    0x000000000000b823     0x1270 ./Application/User/mc_tasks_foc.o
 .debug_line    0x000000000000ca93     0x11d8 ./Application/User/mcp.o
 .debug_line    0x000000000000dc6b      0x9a3 ./Application/User/mcp_config.o
 .debug_line    0x000000000000e60e      0xc2d ./Application/User/motorcontrol.o
 .debug_line    0x000000000000f23b      0xaa2 ./Application/User/pwm_common.o
 .debug_line    0x000000000000fcdd     0x1108 ./Application/User/pwm_curr_fdbk.o
 .debug_line    0x0000000000010de5     0x11e6 ./Application/User/regular_conversion_manager.o
 .debug_line    0x0000000000011fcb      0xd01 ./Application/User/speed_torq_ctrl.o
 .debug_line    0x0000000000012ccc     0x1121 ./Application/User/stm32_mc_common_it.o
 .debug_line    0x0000000000013ded      0xd18 ./Application/User/stm32f30x_mc_it.o
 .debug_line    0x0000000000014b05     0x119b ./Application/User/stm32f3xx_hal_msp.o
 .debug_line    0x0000000000015ca0     0x1f4f ./Application/User/sync_registers.o
 .debug_line    0x0000000000017bef      0xf51 ./Application/User/usart_aspep_driver.o
 .debug_line    0x0000000000018b40      0x7d5 ./Drivers/CMSIS/system_stm32f3xx.o
 .debug_line    0x0000000000019315      0xab1 ./Drivers/STM32F3xx_HAL_Driver/stm32f3xx_hal.o
 .debug_line    0x0000000000019dc6     0x32e4 ./Drivers/STM32F3xx_HAL_Driver/stm32f3xx_hal_adc_ex.o
 .debug_line    0x000000000001d0aa      0xd8a ./Drivers/STM32F3xx_HAL_Driver/stm32f3xx_hal_cortex.o
 .debug_line    0x000000000001de34     0x1101 ./Drivers/STM32F3xx_HAL_Driver/stm32f3xx_hal_dma.o
 .debug_line    0x000000000001ef35      0xca0 ./Drivers/STM32F3xx_HAL_Driver/stm32f3xx_hal_gpio.o
 .debug_line    0x000000000001fbd5     0x19bf ./Drivers/STM32F3xx_HAL_Driver/stm32f3xx_hal_rcc.o
 .debug_line    0x0000000000021594     0x10d9 ./Drivers/STM32F3xx_HAL_Driver/stm32f3xx_hal_rcc_ex.o
 .debug_line    0x000000000002266d     0x6a3e ./Drivers/STM32F3xx_HAL_Driver/stm32f3xx_hal_tim.o
 .debug_line    0x00000000000290ab     0x20a6 ./Drivers/STM32F3xx_HAL_Driver/stm32f3xx_hal_tim_ex.o
 .debug_line    0x000000000002b151     0x5d37 ./Drivers/STM32F3xx_HAL_Driver/stm32f3xx_hal_uart.o
 .debug_line    0x0000000000030e88      0x95c ./Middlewares/MotorControl/bus_voltage_sensor.o
 .debug_line    0x00000000000317e4      0x9df ./Middlewares/MotorControl/circle_limitation.o
 .debug_line    0x00000000000321c3      0xae3 ./Middlewares/MotorControl/enc_align_ctrl.o
 .debug_line    0x0000000000032ca6     0x104d ./Middlewares/MotorControl/encoder_speed_pos_fdbk.o
 .debug_line    0x0000000000033cf3     0x11e6 ./Middlewares/MotorControl/mcpa.o
 .debug_line    0x0000000000034ed9      0xa7d ./Middlewares/MotorControl/ntc_temperature_sensor.o
 .debug_line    0x0000000000035956      0xd8d ./Middlewares/MotorControl/pid_regulator.o
 .debug_line    0x00000000000366e3      0x9ed ./Middlewares/MotorControl/pqd_motor_power_measurement.o
 .debug_line    0x00000000000370d0     0x2fcc ./Middlewares/MotorControl/r3_2_f30x_pwm_curr_fdbk.o
 .debug_line    0x000000000003a09c      0xaa2 ./Middlewares/MotorControl/r_divider_bus_voltage_sensor.o
 .debug_line    0x000000000003ab3e      0xb7a ./Middlewares/MotorControl/ramp_ext_mngr.o
 .debug_line    0x000000000003b6b8      0xa5a ./Middlewares/MotorControl/speed_pos_fdbk.o
 .debug_line    0x000000000003c112     0x1192 ./Middlewares/MotorControl/trajectory_ctrl.o
 .debug_line    0x000000000003d2a4      0xe1c ./Middlewares/MotorControl/virtual_speed_sensor.o

.debug_info     0x0000000000000000    0x54f10
 .debug_info    0x0000000000000000       0x22 ./Application/Startup/startup_stm32f303retx.o
 .debug_info    0x0000000000000022     0x11e8 ./Application/User/aspep.o
 .debug_info    0x000000000000120a     0x2260 ./Application/User/hf_registers.o
 .debug_info    0x000000000000346a     0x4133 ./Application/User/main.o
 .debug_info    0x000000000000759d     0x2dbf ./Application/User/mc_api.o
 .debug_info    0x000000000000a35c      0x256 ./Application/User/mc_app_hooks.o
 .debug_info    0x000000000000a5b2     0x2270 ./Application/User/mc_config.o
 .debug_info    0x000000000000c822     0x21d6 ./Application/User/mc_config_common.o
 .debug_info    0x000000000000e9f8      0xc21 ./Application/User/mc_configuration_registers.o
 .debug_info    0x000000000000f619     0x3624 ./Application/User/mc_interface.o
 .debug_info    0x0000000000012c3d      0x6ca ./Application/User/mc_math.o
 .debug_info    0x0000000000013307     0x2172 ./Application/User/mc_parameters.o
 .debug_info    0x0000000000015479     0x3078 ./Application/User/mc_tasks.o
 .debug_info    0x00000000000184f1     0x3308 ./Application/User/mc_tasks_foc.o
 .debug_info    0x000000000001b7f9     0x2dd1 ./Application/User/mcp.o
 .debug_info    0x000000000001e5ca      0xb31 ./Application/User/mcp_config.o
 .debug_info    0x000000000001f0fb     0x241e ./Application/User/motorcontrol.o
 .debug_info    0x0000000000021519      0x8a2 ./Application/User/pwm_common.o
 .debug_info    0x0000000000021dbb     0x13b4 ./Application/User/pwm_curr_fdbk.o
 .debug_info    0x000000000002316f     0x29cc ./Application/User/regular_conversion_manager.o
 .debug_info    0x0000000000025b3b      0xa22 ./Application/User/speed_torq_ctrl.o
 .debug_info    0x000000000002655d     0x362c ./Application/User/stm32_mc_common_it.o
 .debug_info    0x0000000000029b89     0x23c1 ./Application/User/stm32f30x_mc_it.o
 .debug_info    0x000000000002bf4a     0x3431 ./Application/User/stm32f3xx_hal_msp.o
 .debug_info    0x000000000002f37b     0x40d7 ./Application/User/sync_registers.o
 .debug_info    0x0000000000033452     0x1278 ./Application/User/usart_aspep_driver.o
 .debug_info    0x00000000000346ca      0x4ae ./Drivers/CMSIS/system_stm32f3xx.o
 .debug_info    0x0000000000034b78      0x96c ./Drivers/STM32F3xx_HAL_Driver/stm32f3xx_hal.o
 .debug_info    0x00000000000354e4     0x1e85 ./Drivers/STM32F3xx_HAL_Driver/stm32f3xx_hal_adc_ex.o
 .debug_info    0x0000000000037369     0x1112 ./Drivers/STM32F3xx_HAL_Driver/stm32f3xx_hal_cortex.o
 .debug_info    0x000000000003847b      0x9a2 ./Drivers/STM32F3xx_HAL_Driver/stm32f3xx_hal_dma.o
 .debug_info    0x0000000000038e1d      0x879 ./Drivers/STM32F3xx_HAL_Driver/stm32f3xx_hal_gpio.o
 .debug_info    0x0000000000039696     0x16d5 ./Drivers/STM32F3xx_HAL_Driver/stm32f3xx_hal_rcc.o
 .debug_info    0x000000000003ad6b      0x9a1 ./Drivers/STM32F3xx_HAL_Driver/stm32f3xx_hal_rcc_ex.o
 .debug_info    0x000000000003b70c     0x5121 ./Drivers/STM32F3xx_HAL_Driver/stm32f3xx_hal_tim.o
 .debug_info    0x000000000004082d     0x1dd8 ./Drivers/STM32F3xx_HAL_Driver/stm32f3xx_hal_tim_ex.o
 .debug_info    0x0000000000042605     0x6600 ./Drivers/STM32F3xx_HAL_Driver/stm32f3xx_hal_uart.o
 .debug_info    0x0000000000048c05      0x345 ./Middlewares/MotorControl/bus_voltage_sensor.o
 .debug_info    0x0000000000048f4a      0x3f6 ./Middlewares/MotorControl/circle_limitation.o
 .debug_info    0x0000000000049340      0xb79 ./Middlewares/MotorControl/enc_align_ctrl.o
 .debug_info    0x0000000000049eb9      0xcc8 ./Middlewares/MotorControl/encoder_speed_pos_fdbk.o
 .debug_info    0x000000000004ab81     0x1612 ./Middlewares/MotorControl/mcpa.o
 .debug_info    0x000000000004c193      0x470 ./Middlewares/MotorControl/ntc_temperature_sensor.o