stm32f3xx_hal_dma.c:136:19:HAL_DMA_Init	8	static
stm32f3xx_hal_dma.c:198:19:HAL_DMA_DeInit	8	static
stm32f3xx_hal_dma.c:280:19:HAL_DMA_Start	20	static
stm32f3xx_hal_dma.c:327:19:HAL_DMA_Start_IT	16	static
stm32f3xx_hal_dma.c:383:19:HAL_DMA_Abort	8	static
stm32f3xx_hal_dma.c:427:19:HAL_DMA_Abort_IT	16	static
stm32f3xx_hal_dma.c:472:19:HAL_DMA_PollForTransfer	32	static
stm32f3xx_hal_dma.c:573:6:HAL_DMA_IRQHandler	12	static
stm32f3xx_hal_dma.c:665:19:HAL_DMA_RegisterCallback	0	static
stm32f3xx_hal_dma.c:716:19:HAL_DMA_UnRegisterCallback	0	static
stm32f3xx_hal_dma.c:792:22:HAL_DMA_GetState	0	static
stm32f3xx_hal_dma.c:803:10:HAL_DMA_GetError	0	static
