r3_2_f30x_pwm_curr_fdbk.c:222:13:R3_2_ADCxInit	8	static
r3_2_f30x_pwm_curr_fdbk.c:529:13:R3_2_GetPhaseCurrents	16	static
r3_2_f30x_pwm_curr_fdbk.c:1014:10:R3_2_SetADCSampPointPolarization	8	static
r3_2_f30x_pwm_curr_fdbk.c:1242:13:R3_2_HFCurrentsPolarizationAB	12	static
r3_2_f30x_pwm_curr_fdbk.c:1283:13:R3_2_HFCurrentsPolarizationC	4	static
r3_2_f30x_pwm_curr_fdbk.c:1365:13:R3_2_SwitchOnPWM	8	static
r3_2_f30x_pwm_curr_fdbk.c:1743:13:R3_2_RLGetPhaseCurrents	8	static
r3_2_f30x_pwm_curr_fdbk.c:1829:13:R3_2_RLSwitchOnPWM	8	static
r3_2_f30x_pwm_curr_fdbk.c:1321:13:R3_2_TurnOnLowSides	12	static
r3_2_f30x_pwm_curr_fdbk.c:1423:13:R3_2_SwitchOffPWM	12	static
r3_2_f30x_pwm_curr_fdbk.c:1791:13:R3_2_RLTurnOnLowSides	12	static
r3_2_f30x_pwm_curr_fdbk.c:83:13:R3_2_Init	40	static,ignoring_inline_asm
r3_2_f30x_pwm_curr_fdbk.c:374:13:R3_2_SetOffsetCalib	4	static
r3_2_f30x_pwm_curr_fdbk.c:392:13:R3_2_GetOffsetCalib	0	static
r3_2_f30x_pwm_curr_fdbk.c:409:13:R3_2_CurrentReadingPolarization	40	static
r3_2_f30x_pwm_curr_fdbk.c:695:13:R3_2_GetPhaseCurrents_OVM	16	static
r3_2_f30x_pwm_curr_fdbk.c:1044:10:R3_2_SetADCSampPointSectX	12	static
r3_2_f30x_pwm_curr_fdbk.c:1118:10:R3_2_SetADCSampPointSectX_OVM	12	static
r3_2_f30x_pwm_curr_fdbk.c:1464:15:R3_2_TIMx_UP_IRQHandler	24	static
r3_2_f30x_pwm_curr_fdbk.c:1541:6:R3_2_RLDetectionModeEnable	4	static
r3_2_f30x_pwm_curr_fdbk.c:1599:6:R3_2_RLDetectionModeDisable	12	static
r3_2_f30x_pwm_curr_fdbk.c:1685:10:R3_2_RLDetectionModeSetDuty	4	static
r3_2_f30x_pwm_curr_fdbk.c:1884:6:R3_2_RLTurnOnLowSidesAndStart	8	static
