stm32f3xx_hal_msp.c:68:6:HAL_MspInit	8	static
stm32f3xx_hal_msp.c:95:6:HAL_ADC_MspInit	64	static
stm32f3xx_hal_msp.c:164:6:HAL_ADC_MspDeInit	8	static
stm32f3xx_hal_msp.c:238:6:HAL_TIM_PWM_MspInit	48	static
stm32f3xx_hal_msp.c:274:6:HAL_TIM_Encoder_MspInit	56	static
stm32f3xx_hal_msp.c:313:6:HAL_TIM_MspPostInit	48	static
stm32f3xx_hal_msp.c:347:6:HAL_TIM_PWM_MspDeInit	8	static
stm32f3xx_hal_msp.c:381:6:HAL_TIM_Encoder_MspDeInit	8	static
stm32f3xx_hal_msp.c:414:6:HAL_UART_MspInit	48	static
stm32f3xx_hal_msp.c:484:6:HAL_UART_MspDeInit	8	static
